I0401 14:11:12.681428 20233 pipeline.py:38] Loading configuration file
I0401 14:11:12.682446 20233 pipeline.py:39] {
    "pipeline": {
        "name": "text_classifier", 
        "rabbitmq_host": "127.0.0.1", 
        "use_mongodb": false, 
        "clean_up": false, 
        "mode": "local", 
        "mongodb_host": "127.0.0.1"
    }, 
    "modules": [
        {
            "processes": 1, 
            "name": "preprocessing", 
            "input_file": "data.json", 
            "instances": 1, 
            "params": [
                {
                    "values": [
                        "WordEmbedding", 
                        "Metadata", 
                        "Combined"
                    ], 
                    "type": "collection", 
                    "name": "data_model"
                }
            ], 
            "output_module": "clf", 
            "type": "DataModel"
        }, 
        {
            "instances": 1, 
            "output_module": "writer", 
            "type": "Clf", 
            "name": "clf", 
            "params": [
                {
                    "start": 0.2, 
                    "step_size": 0.2, 
                    "end": 0.4, 
                    "type": "float", 
                    "name": "test_ratio"
                }, 
                {
                    "values": [
                        "SVM", 
                        "NaiveBayes", 
                        "MLP"
                    ], 
                    "type": "collection", 
                    "name": "classifier"
                }
            ]
        }, 
        {
            "instances": 1, 
            "output_file": "results.csv", 
            "type": "CSVWriter", 
            "name": "writer"
        }
    ]
}
I0401 14:11:12.683356 20233 pipeline.py:59] Module list: {u'writer': {u'instances': 1, u'output_file': u'results.csv', u'type': u'CSVWriter', u'name': u'writer'}, u'clf': {u'instances': 1, u'output_module': u'writer', u'type': u'Clf', u'name': u'clf', u'params': [{u'start': 0.2, u'step_size': 0.2, u'end': 0.4, u'type': u'float', u'name': u'test_ratio'}, {u'values': [u'SVM', u'NaiveBayes', u'MLP'], u'type': u'collection', u'name': u'classifier'}]}, u'preprocessing': {u'processes': 1, u'name': u'preprocessing', u'input_file': u'data.json', u'instances': 1, u'params': [{u'values': [u'WordEmbedding', u'Metadata', u'Combined'], u'type': u'collection', u'name': u'data_model'}], u'output_module': u'clf', u'type': u'DataModel'}}
I0401 14:11:12.683895 20233 pipeline.py:63] Total jobs: 39
I0401 14:11:12.725569 20231 module.py:224] Module writer started, awaiting for requests.
I0401 14:11:12.726582 20232 module.py:224] Module logger started, awaiting for requests.
I0401 14:11:12.780622 20233 pipeline.py:277] Sent job 0 to module preprocessing
I0401 14:11:12.781528 20233 pipeline.py:277] Sent job 1 to module preprocessing
I0401 14:11:12.782119 20233 pipeline.py:277] Sent job 2 to module preprocessing
I0401 14:11:13.969489 20230 module.py:224] Module clf started, awaiting for requests.
I0401 14:11:13.969489 20230 module.py:224] Module clf started, awaiting for requests.
I0401 14:11:14.143769 20229 module.py:224] Module preprocessing started, awaiting for requests.
I0401 14:11:14.146502 20229 module.py:108] preprocessing received job: 0
I0401 14:11:14.147232 20229 module.py:165] Load data from file 2019-04-01_14h10m32s/data.json
I0401 14:11:14.143769 20229 module.py:224] Module preprocessing started, awaiting for requests.
I0401 14:11:14.146502 20229 module.py:108] preprocessing received job: 0
I0401 14:11:14.147232 20229 module.py:165] Load data from file 2019-04-01_14h10m32s/data.json
I0401 14:11:14.661412 20229 module.py:184] Save data to file 2019-04-01_14h10m32s/data.jsonpreprocessing_{"data_model": "WordEmbedding"}_
I0401 14:11:14.661412 20229 module.py:184] Save data to file 2019-04-01_14h10m32s/data.jsonpreprocessing_{"data_model": "WordEmbedding"}_
I0401 14:11:14.987663 20229 module.py:137] preprocessing sent back job: 0
I0401 14:11:14.987663 20229 module.py:137] preprocessing sent back job: 0
I0401 14:11:14.988816 20233 pipeline.py:277] Sent job 3 to module clf
I0401 14:11:14.989474 20233 pipeline.py:277] Sent job 4 to module clf
I0401 14:11:14.990087 20233 pipeline.py:277] Sent job 5 to module clf
I0401 14:11:14.990665 20233 pipeline.py:277] Sent job 6 to module clf
I0401 14:11:14.991249 20233 pipeline.py:277] Sent job 7 to module clf
I0401 14:11:14.991796 20233 pipeline.py:277] Sent job 8 to module clf
I0401 14:11:14.997160 20229 module.py:108] preprocessing received job: 1
I0401 14:11:14.997587 20230 module.py:108] clf received job: 3
I0401 14:11:14.997587 20230 module.py:108] clf received job: 3
I0401 14:11:14.998213 20230 module.py:165] Load data from file 2019-04-01_14h10m32s/data.jsonpreprocessing_{"data_model": "WordEmbedding"}_
I0401 14:11:14.998213 20230 module.py:165] Load data from file 2019-04-01_14h10m32s/data.jsonpreprocessing_{"data_model": "WordEmbedding"}_
I0401 14:11:14.997160 20229 module.py:108] preprocessing received job: 1
I0401 14:11:14.998922 20229 module.py:165] Load data from file 2019-04-01_14h10m32s/data.json
I0401 14:11:14.998922 20229 module.py:165] Load data from file 2019-04-01_14h10m32s/data.json
I0401 14:11:15.588876 20230 module.py:184] Save data to file 2019-04-01_14h10m32s/data.jsonpreprocessing_{"data_model": "WordEmbedding"}_clf_{"test_ratio": 0.2, "classifier": "SVM"}_
I0401 14:11:15.588876 20230 module.py:184] Save data to file 2019-04-01_14h10m32s/data.jsonpreprocessing_{"data_model": "WordEmbedding"}_clf_{"test_ratio": 0.2, "classifier": "SVM"}_
I0401 14:11:15.624592 20233 pipeline.py:277] Sent job 9 to module writer
I0401 14:11:15.626101 20231 module.py:108] writer received job: 9
I0401 14:11:15.626482 20231 module.py:165] Load data from file 2019-04-01_14h10m32s/data.jsonpreprocessing_{"data_model": "WordEmbedding"}_clf_{"test_ratio": 0.2, "classifier": "SVM"}_
I0401 14:11:15.626955 20231 csv_writer.py:33] Save csv to 2019-04-01_14h10m32s/results.csv
I0401 14:11:15.622416 20230 module.py:137] clf sent back job: 3
I0401 14:11:15.622416 20230 module.py:137] clf sent back job: 3
I0401 14:11:15.632482 20230 module.py:108] clf received job: 4
I0401 14:11:15.632482 20230 module.py:108] clf received job: 4
I0401 14:11:15.633218 20230 module.py:165] Load data from file 2019-04-01_14h10m32s/data.jsonpreprocessing_{"data_model": "WordEmbedding"}_
I0401 14:11:15.633218 20230 module.py:165] Load data from file 2019-04-01_14h10m32s/data.jsonpreprocessing_{"data_model": "WordEmbedding"}_
I0401 14:11:15.653685 20231 module.py:137] writer sent back job: 9
I0401 14:11:15.654339 20233 pipeline.py:225] Job 9 completed.
I0401 14:11:16.144913 20230 module.py:184] Save data to file 2019-04-01_14h10m32s/data.jsonpreprocessing_{"data_model": "WordEmbedding"}_clf_{"test_ratio": 0.4, "classifier": "SVM"}_
I0401 14:11:16.144913 20230 module.py:184] Save data to file 2019-04-01_14h10m32s/data.jsonpreprocessing_{"data_model": "WordEmbedding"}_clf_{"test_ratio": 0.4, "classifier": "SVM"}_
I0401 14:11:16.171816 20230 module.py:137] clf sent back job: 4
I0401 14:11:16.171816 20230 module.py:137] clf sent back job: 4
I0401 14:11:16.175177 20233 pipeline.py:277] Sent job 10 to module writer
I0401 14:11:16.176609 20230 module.py:108] clf received job: 5
I0401 14:11:16.177623 20230 module.py:165] Load data from file 2019-04-01_14h10m32s/data.jsonpreprocessing_{"data_model": "WordEmbedding"}_
I0401 14:11:16.183022 20231 module.py:108] writer received job: 10
I0401 14:11:16.176609 20230 module.py:108] clf received job: 5
I0401 14:11:16.177623 20230 module.py:165] Load data from file 2019-04-01_14h10m32s/data.jsonpreprocessing_{"data_model": "WordEmbedding"}_
I0401 14:11:16.183564 20231 module.py:165] Load data from file 2019-04-01_14h10m32s/data.jsonpreprocessing_{"data_model": "WordEmbedding"}_clf_{"test_ratio": 0.4, "classifier": "SVM"}_
I0401 14:11:16.184207 20231 csv_writer.py:33] Save csv to 2019-04-01_14h10m32s/results.csv
I0401 14:11:16.232861 20231 module.py:137] writer sent back job: 10
I0401 14:11:16.235873 20233 pipeline.py:225] Job 10 completed.
W0401 14:11:16.392060 20230 classification.py:878] /Library/Python/2.7/site-packages/sklearn/metrics/classification.py:1143: UndefinedMetricWarning: Precision and F-score are ill-defined and being set to 0.0 in labels with no predicted samples.
  'precision', 'predicted', average, warn_for)

W0401 14:11:16.392060 20230 classification.py:878] /Library/Python/2.7/site-packages/sklearn/metrics/classification.py:1143: UndefinedMetricWarning: Precision and F-score are ill-defined and being set to 0.0 in labels with no predicted samples.
  'precision', 'predicted', average, warn_for)

I0401 14:11:16.399841 20230 module.py:184] Save data to file 2019-04-01_14h10m32s/data.jsonpreprocessing_{"data_model": "WordEmbedding"}_clf_{"test_ratio": 0.2, "classifier": "NaiveBayes"}_
I0401 14:11:16.399841 20230 module.py:184] Save data to file 2019-04-01_14h10m32s/data.jsonpreprocessing_{"data_model": "WordEmbedding"}_clf_{"test_ratio": 0.2, "classifier": "NaiveBayes"}_
I0401 14:11:16.440727 20233 pipeline.py:277] Sent job 11 to module writer
I0401 14:11:16.439446 20230 module.py:137] clf sent back job: 5
I0401 14:11:16.439446 20230 module.py:137] clf sent back job: 5
I0401 14:11:16.444025 20230 module.py:108] clf received job: 6
I0401 14:11:16.444473 20231 module.py:108] writer received job: 11
I0401 14:11:16.444865 20231 module.py:165] Load data from file 2019-04-01_14h10m32s/data.jsonpreprocessing_{"data_model": "WordEmbedding"}_clf_{"test_ratio": 0.2, "classifier": "NaiveBayes"}_
I0401 14:11:16.445338 20231 csv_writer.py:33] Save csv to 2019-04-01_14h10m32s/results.csv
I0401 14:11:16.444025 20230 module.py:108] clf received job: 6
I0401 14:11:16.446517 20230 module.py:165] Load data from file 2019-04-01_14h10m32s/data.jsonpreprocessing_{"data_model": "WordEmbedding"}_
I0401 14:11:16.446517 20230 module.py:165] Load data from file 2019-04-01_14h10m32s/data.jsonpreprocessing_{"data_model": "WordEmbedding"}_
I0401 14:11:16.478657 20231 module.py:137] writer sent back job: 11
I0401 14:11:16.479696 20233 pipeline.py:225] Job 11 completed.
I0401 14:11:16.637707 20230 module.py:184] Save data to file 2019-04-01_14h10m32s/data.jsonpreprocessing_{"data_model": "WordEmbedding"}_clf_{"test_ratio": 0.4, "classifier": "NaiveBayes"}_
I0401 14:11:16.637707 20230 module.py:184] Save data to file 2019-04-01_14h10m32s/data.jsonpreprocessing_{"data_model": "WordEmbedding"}_clf_{"test_ratio": 0.4, "classifier": "NaiveBayes"}_
I0401 14:11:16.729701 20230 module.py:137] clf sent back job: 6
I0401 14:11:16.731301 20233 pipeline.py:277] Sent job 12 to module writer
I0401 14:11:16.729701 20230 module.py:137] clf sent back job: 6
I0401 14:11:16.734823 20231 module.py:108] writer received job: 12
I0401 14:11:16.735326 20231 module.py:165] Load data from file 2019-04-01_14h10m32s/data.jsonpreprocessing_{"data_model": "WordEmbedding"}_clf_{"test_ratio": 0.4, "classifier": "NaiveBayes"}_
I0401 14:11:16.735944 20231 csv_writer.py:33] Save csv to 2019-04-01_14h10m32s/results.csv
I0401 14:11:16.737226 20230 module.py:108] clf received job: 7
I0401 14:11:16.737226 20230 module.py:108] clf received job: 7
I0401 14:11:16.738133 20230 module.py:165] Load data from file 2019-04-01_14h10m32s/data.jsonpreprocessing_{"data_model": "WordEmbedding"}_
I0401 14:11:16.738133 20230 module.py:165] Load data from file 2019-04-01_14h10m32s/data.jsonpreprocessing_{"data_model": "WordEmbedding"}_
I0401 14:11:16.790973 20231 module.py:137] writer sent back job: 12
I0401 14:11:16.797281 20233 pipeline.py:225] Job 12 completed.
I0401 14:11:19.619101 20229 module.py:184] Save data to file 2019-04-01_14h10m32s/data.jsonpreprocessing_{"data_model": "Metadata"}_
I0401 14:11:19.619101 20229 module.py:184] Save data to file 2019-04-01_14h10m32s/data.jsonpreprocessing_{"data_model": "Metadata"}_
I0401 14:11:20.242160 20233 pipeline.py:277] Sent job 13 to module clf
I0401 14:11:20.242806 20233 pipeline.py:277] Sent job 14 to module clf
I0401 14:11:20.243433 20233 pipeline.py:277] Sent job 15 to module clf
I0401 14:11:20.244278 20233 pipeline.py:277] Sent job 16 to module clf
I0401 14:11:20.245400 20233 pipeline.py:277] Sent job 17 to module clf
I0401 14:11:20.246140 20233 pipeline.py:277] Sent job 18 to module clf
I0401 14:11:20.241698 20229 module.py:137] preprocessing sent back job: 1
I0401 14:11:20.241698 20229 module.py:137] preprocessing sent back job: 1
I0401 14:11:20.258372 20229 module.py:108] preprocessing received job: 2
I0401 14:11:20.258372 20229 module.py:108] preprocessing received job: 2
I0401 14:11:20.259165 20229 module.py:165] Load data from file 2019-04-01_14h10m32s/data.json
I0401 14:11:20.259165 20229 module.py:165] Load data from file 2019-04-01_14h10m32s/data.json
I0401 14:11:23.883193 20229 module.py:184] Save data to file 2019-04-01_14h10m32s/data.jsonpreprocessing_{"data_model": "Combined"}_
I0401 14:11:23.883193 20229 module.py:184] Save data to file 2019-04-01_14h10m32s/data.jsonpreprocessing_{"data_model": "Combined"}_
I0401 14:11:24.349241 20229 module.py:137] preprocessing sent back job: 2
I0401 14:11:24.349241 20229 module.py:137] preprocessing sent back job: 2
I0401 14:11:24.350326 20233 pipeline.py:277] Sent job 19 to module clf
I0401 14:11:24.351093 20233 pipeline.py:277] Sent job 20 to module clf
I0401 14:11:24.351804 20233 pipeline.py:277] Sent job 21 to module clf
I0401 14:11:24.352453 20233 pipeline.py:277] Sent job 22 to module clf
I0401 14:11:24.353132 20233 pipeline.py:277] Sent job 23 to module clf
I0401 14:11:24.353770 20233 pipeline.py:277] Sent job 24 to module clf
I0401 14:11:27.282246 20230 module.py:184] Save data to file 2019-04-01_14h10m32s/data.jsonpreprocessing_{"data_model": "WordEmbedding"}_clf_{"test_ratio": 0.2, "classifier": "MLP"}_
I0401 14:11:27.282246 20230 module.py:184] Save data to file 2019-04-01_14h10m32s/data.jsonpreprocessing_{"data_model": "WordEmbedding"}_clf_{"test_ratio": 0.2, "classifier": "MLP"}_
I0401 14:11:27.302910 20230 module.py:137] clf sent back job: 7
I0401 14:11:27.303963 20233 pipeline.py:277] Sent job 25 to module writer
I0401 14:11:27.305846 20231 module.py:108] writer received job: 25
I0401 14:11:27.306238 20231 module.py:165] Load data from file 2019-04-01_14h10m32s/data.jsonpreprocessing_{"data_model": "WordEmbedding"}_clf_{"test_ratio": 0.2, "classifier": "MLP"}_
I0401 14:11:27.306916 20231 csv_writer.py:33] Save csv to 2019-04-01_14h10m32s/results.csv
I0401 14:11:27.302910 20230 module.py:137] clf sent back job: 7
I0401 14:11:27.313668 20230 module.py:108] clf received job: 8
I0401 14:11:27.313668 20230 module.py:108] clf received job: 8
I0401 14:11:27.315141 20230 module.py:165] Load data from file 2019-04-01_14h10m32s/data.jsonpreprocessing_{"data_model": "WordEmbedding"}_
I0401 14:11:27.315141 20230 module.py:165] Load data from file 2019-04-01_14h10m32s/data.jsonpreprocessing_{"data_model": "WordEmbedding"}_
I0401 14:11:27.318516 20231 module.py:137] writer sent back job: 25
I0401 14:11:27.319248 20233 pipeline.py:225] Job 25 completed.
I0401 14:11:32.756162 20230 module.py:184] Save data to file 2019-04-01_14h10m32s/data.jsonpreprocessing_{"data_model": "WordEmbedding"}_clf_{"test_ratio": 0.4, "classifier": "MLP"}_
I0401 14:11:32.756162 20230 module.py:184] Save data to file 2019-04-01_14h10m32s/data.jsonpreprocessing_{"data_model": "WordEmbedding"}_clf_{"test_ratio": 0.4, "classifier": "MLP"}_
I0401 14:11:32.797724 20233 pipeline.py:277] Sent job 26 to module writer
I0401 14:11:32.796529 20230 module.py:137] clf sent back job: 8
I0401 14:11:32.796529 20230 module.py:137] clf sent back job: 8
I0401 14:11:32.800204 20231 module.py:108] writer received job: 26
I0401 14:11:32.800615 20231 module.py:165] Load data from file 2019-04-01_14h10m32s/data.jsonpreprocessing_{"data_model": "WordEmbedding"}_clf_{"test_ratio": 0.4, "classifier": "MLP"}_
I0401 14:11:32.801106 20231 csv_writer.py:33] Save csv to 2019-04-01_14h10m32s/results.csv
I0401 14:11:32.803380 20230 module.py:108] clf received job: 13
I0401 14:11:32.803380 20230 module.py:108] clf received job: 13
I0401 14:11:32.804013 20230 module.py:165] Load data from file 2019-04-01_14h10m32s/data.jsonpreprocessing_{"data_model": "Metadata"}_
I0401 14:11:32.804013 20230 module.py:165] Load data from file 2019-04-01_14h10m32s/data.jsonpreprocessing_{"data_model": "Metadata"}_
I0401 14:11:32.828191 20231 module.py:137] writer sent back job: 26
I0401 14:11:32.832281 20233 pipeline.py:225] Job 26 completed.
W0401 14:11:34.170666 20230 base.py:931] /Library/Python/2.7/site-packages/sklearn/svm/base.py:931: ConvergenceWarning: Liblinear failed to converge, increase the number of iterations.
  "the number of iterations.", ConvergenceWarning)

W0401 14:11:34.170666 20230 base.py:931] /Library/Python/2.7/site-packages/sklearn/svm/base.py:931: ConvergenceWarning: Liblinear failed to converge, increase the number of iterations.
  "the number of iterations.", ConvergenceWarning)

I0401 14:11:34.215369 20230 module.py:184] Save data to file 2019-04-01_14h10m32s/data.jsonpreprocessing_{"data_model": "Metadata"}_clf_{"test_ratio": 0.2, "classifier": "SVM"}_
I0401 14:11:34.215369 20230 module.py:184] Save data to file 2019-04-01_14h10m32s/data.jsonpreprocessing_{"data_model": "Metadata"}_clf_{"test_ratio": 0.2, "classifier": "SVM"}_
I0401 14:11:34.244117 20230 module.py:137] clf sent back job: 13
I0401 14:11:34.244117 20230 module.py:137] clf sent back job: 13
I0401 14:11:34.250046 20233 pipeline.py:277] Sent job 27 to module writer
I0401 14:11:34.250737 20230 module.py:108] clf received job: 14
I0401 14:11:34.250737 20230 module.py:108] clf received job: 14
I0401 14:11:34.251574 20230 module.py:165] Load data from file 2019-04-01_14h10m32s/data.jsonpreprocessing_{"data_model": "Metadata"}_
I0401 14:11:34.251574 20230 module.py:165] Load data from file 2019-04-01_14h10m32s/data.jsonpreprocessing_{"data_model": "Metadata"}_
I0401 14:11:34.251995 20231 module.py:108] writer received job: 27
I0401 14:11:34.252405 20231 module.py:165] Load data from file 2019-04-01_14h10m32s/data.jsonpreprocessing_{"data_model": "Metadata"}_clf_{"test_ratio": 0.2, "classifier": "SVM"}_
I0401 14:11:34.252893 20231 csv_writer.py:33] Save csv to 2019-04-01_14h10m32s/results.csv
I0401 14:11:34.284895 20231 module.py:137] writer sent back job: 27
I0401 14:11:34.285559 20233 pipeline.py:225] Job 27 completed.
I0401 14:11:35.271934 20230 module.py:184] Save data to file 2019-04-01_14h10m32s/data.jsonpreprocessing_{"data_model": "Metadata"}_clf_{"test_ratio": 0.4, "classifier": "SVM"}_
I0401 14:11:35.271934 20230 module.py:184] Save data to file 2019-04-01_14h10m32s/data.jsonpreprocessing_{"data_model": "Metadata"}_clf_{"test_ratio": 0.4, "classifier": "SVM"}_
I0401 14:11:35.305042 20230 module.py:137] clf sent back job: 14
I0401 14:11:35.305042 20230 module.py:137] clf sent back job: 14
I0401 14:11:35.316679 20230 module.py:108] clf received job: 15
I0401 14:11:35.318245 20230 module.py:165] Load data from file 2019-04-01_14h10m32s/data.jsonpreprocessing_{"data_model": "Metadata"}_
I0401 14:11:35.316679 20230 module.py:108] clf received job: 15
I0401 14:11:35.318245 20230 module.py:165] Load data from file 2019-04-01_14h10m32s/data.jsonpreprocessing_{"data_model": "Metadata"}_
I0401 14:11:35.315613 20233 pipeline.py:277] Sent job 28 to module writer
I0401 14:11:35.324697 20231 module.py:108] writer received job: 28
I0401 14:11:35.325129 20231 module.py:165] Load data from file 2019-04-01_14h10m32s/data.jsonpreprocessing_{"data_model": "Metadata"}_clf_{"test_ratio": 0.4, "classifier": "SVM"}_
I0401 14:11:35.325797 20231 csv_writer.py:33] Save csv to 2019-04-01_14h10m32s/results.csv
I0401 14:11:35.349129 20231 module.py:137] writer sent back job: 28
I0401 14:11:35.349817 20233 pipeline.py:225] Job 28 completed.
I0401 14:11:35.583509 20230 module.py:184] Save data to file 2019-04-01_14h10m32s/data.jsonpreprocessing_{"data_model": "Metadata"}_clf_{"test_ratio": 0.2, "classifier": "NaiveBayes"}_
I0401 14:11:35.583509 20230 module.py:184] Save data to file 2019-04-01_14h10m32s/data.jsonpreprocessing_{"data_model": "Metadata"}_clf_{"test_ratio": 0.2, "classifier": "NaiveBayes"}_
I0401 14:11:35.602334 20230 module.py:137] clf sent back job: 15
I0401 14:11:35.602334 20230 module.py:137] clf sent back job: 15
I0401 14:11:35.603465 20233 pipeline.py:277] Sent job 29 to module writer
I0401 14:11:35.610085 20231 module.py:108] writer received job: 29
I0401 14:11:35.610518 20231 module.py:165] Load data from file 2019-04-01_14h10m32s/data.jsonpreprocessing_{"data_model": "Metadata"}_clf_{"test_ratio": 0.2, "classifier": "NaiveBayes"}_
I0401 14:11:35.610991 20231 csv_writer.py:33] Save csv to 2019-04-01_14h10m32s/results.csv
I0401 14:11:35.605012 20230 module.py:108] clf received job: 16
I0401 14:11:35.629103 20230 module.py:165] Load data from file 2019-04-01_14h10m32s/data.jsonpreprocessing_{"data_model": "Metadata"}_
I0401 14:11:35.605012 20230 module.py:108] clf received job: 16
I0401 14:11:35.629103 20230 module.py:165] Load data from file 2019-04-01_14h10m32s/data.jsonpreprocessing_{"data_model": "Metadata"}_
I0401 14:11:35.634237 20231 module.py:137] writer sent back job: 29
I0401 14:11:35.635435 20233 pipeline.py:225] Job 29 completed.
I0401 14:11:35.912390 20230 module.py:184] Save data to file 2019-04-01_14h10m32s/data.jsonpreprocessing_{"data_model": "Metadata"}_clf_{"test_ratio": 0.4, "classifier": "NaiveBayes"}_
I0401 14:11:35.912390 20230 module.py:184] Save data to file 2019-04-01_14h10m32s/data.jsonpreprocessing_{"data_model": "Metadata"}_clf_{"test_ratio": 0.4, "classifier": "NaiveBayes"}_
I0401 14:11:35.931875 20230 module.py:137] clf sent back job: 16
I0401 14:11:35.931875 20230 module.py:137] clf sent back job: 16
I0401 14:11:35.934992 20233 pipeline.py:277] Sent job 30 to module writer
I0401 14:11:35.936142 20230 module.py:108] clf received job: 17
I0401 14:11:35.936142 20230 module.py:108] clf received job: 17
I0401 14:11:35.937124 20230 module.py:165] Load data from file 2019-04-01_14h10m32s/data.jsonpreprocessing_{"data_model": "Metadata"}_
I0401 14:11:35.937124 20230 module.py:165] Load data from file 2019-04-01_14h10m32s/data.jsonpreprocessing_{"data_model": "Metadata"}_
I0401 14:11:35.938424 20231 module.py:108] writer received job: 30
I0401 14:11:35.938843 20231 module.py:165] Load data from file 2019-04-01_14h10m32s/data.jsonpreprocessing_{"data_model": "Metadata"}_clf_{"test_ratio": 0.4, "classifier": "NaiveBayes"}_
I0401 14:11:35.939313 20231 csv_writer.py:33] Save csv to 2019-04-01_14h10m32s/results.csv
I0401 14:11:35.963824 20231 module.py:137] writer sent back job: 30
I0401 14:11:35.964533 20233 pipeline.py:225] Job 30 completed.
W0401 14:11:55.980165 20230 multilayer_perceptron.py:562] /Library/Python/2.7/site-packages/sklearn/neural_network/multilayer_perceptron.py:562: ConvergenceWarning: Stochastic Optimizer: Maximum iterations (50) reached and the optimization hasn't converged yet.
  % self.max_iter, ConvergenceWarning)

W0401 14:11:55.980165 20230 multilayer_perceptron.py:562] /Library/Python/2.7/site-packages/sklearn/neural_network/multilayer_perceptron.py:562: ConvergenceWarning: Stochastic Optimizer: Maximum iterations (50) reached and the optimization hasn't converged yet.
  % self.max_iter, ConvergenceWarning)

I0401 14:11:56.056694 20230 module.py:184] Save data to file 2019-04-01_14h10m32s/data.jsonpreprocessing_{"data_model": "Metadata"}_clf_{"test_ratio": 0.2, "classifier": "MLP"}_
I0401 14:11:56.056694 20230 module.py:184] Save data to file 2019-04-01_14h10m32s/data.jsonpreprocessing_{"data_model": "Metadata"}_clf_{"test_ratio": 0.2, "classifier": "MLP"}_
I0401 14:11:56.076169 20233 pipeline.py:277] Sent job 31 to module writer
I0401 14:11:56.075412 20230 module.py:137] clf sent back job: 17
I0401 14:11:56.075412 20230 module.py:137] clf sent back job: 17
I0401 14:11:56.079905 20231 module.py:108] writer received job: 31
I0401 14:11:56.080337 20231 module.py:165] Load data from file 2019-04-01_14h10m32s/data.jsonpreprocessing_{"data_model": "Metadata"}_clf_{"test_ratio": 0.2, "classifier": "MLP"}_
I0401 14:11:56.080822 20231 csv_writer.py:33] Save csv to 2019-04-01_14h10m32s/results.csv
I0401 14:11:56.083862 20230 module.py:108] clf received job: 18
I0401 14:11:56.084522 20230 module.py:165] Load data from file 2019-04-01_14h10m32s/data.jsonpreprocessing_{"data_model": "Metadata"}_
I0401 14:11:56.083862 20230 module.py:108] clf received job: 18
I0401 14:11:56.084522 20230 module.py:165] Load data from file 2019-04-01_14h10m32s/data.jsonpreprocessing_{"data_model": "Metadata"}_
I0401 14:11:56.109093 20231 module.py:137] writer sent back job: 31
I0401 14:11:56.109827 20233 pipeline.py:225] Job 31 completed.
I0401 14:12:10.999777 20230 module.py:184] Save data to file 2019-04-01_14h10m32s/data.jsonpreprocessing_{"data_model": "Metadata"}_clf_{"test_ratio": 0.4, "classifier": "MLP"}_
I0401 14:12:10.999777 20230 module.py:184] Save data to file 2019-04-01_14h10m32s/data.jsonpreprocessing_{"data_model": "Metadata"}_clf_{"test_ratio": 0.4, "classifier": "MLP"}_
I0401 14:12:11.022363 20233 pipeline.py:277] Sent job 32 to module writer
I0401 14:12:11.024732 20231 module.py:108] writer received job: 32
I0401 14:12:11.025208 20231 module.py:165] Load data from file 2019-04-01_14h10m32s/data.jsonpreprocessing_{"data_model": "Metadata"}_clf_{"test_ratio": 0.4, "classifier": "MLP"}_
I0401 14:12:11.025795 20231 csv_writer.py:33] Save csv to 2019-04-01_14h10m32s/results.csv
I0401 14:12:11.021136 20230 module.py:137] clf sent back job: 18
I0401 14:12:11.021136 20230 module.py:137] clf sent back job: 18
I0401 14:12:11.033845 20230 module.py:108] clf received job: 19
I0401 14:12:11.033845 20230 module.py:108] clf received job: 19
I0401 14:12:11.034646 20230 module.py:165] Load data from file 2019-04-01_14h10m32s/data.jsonpreprocessing_{"data_model": "Combined"}_
I0401 14:12:11.034646 20230 module.py:165] Load data from file 2019-04-01_14h10m32s/data.jsonpreprocessing_{"data_model": "Combined"}_
I0401 14:12:11.043654 20231 module.py:137] writer sent back job: 32
I0401 14:12:11.044303 20233 pipeline.py:225] Job 32 completed.
W0401 14:12:12.321021 20230 classification.py:878] /Library/Python/2.7/site-packages/sklearn/metrics/classification.py:1145: UndefinedMetricWarning: Recall and F-score are ill-defined and being set to 0.0 in labels with no true samples.
  'recall', 'true', average, warn_for)

W0401 14:12:12.321021 20230 classification.py:878] /Library/Python/2.7/site-packages/sklearn/metrics/classification.py:1145: UndefinedMetricWarning: Recall and F-score are ill-defined and being set to 0.0 in labels with no true samples.
  'recall', 'true', average, warn_for)

I0401 14:12:12.331724 20230 module.py:184] Save data to file 2019-04-01_14h10m32s/data.jsonpreprocessing_{"data_model": "Combined"}_clf_{"test_ratio": 0.2, "classifier": "SVM"}_
I0401 14:12:12.331724 20230 module.py:184] Save data to file 2019-04-01_14h10m32s/data.jsonpreprocessing_{"data_model": "Combined"}_clf_{"test_ratio": 0.2, "classifier": "SVM"}_
I0401 14:12:12.351037 20230 module.py:137] clf sent back job: 19
I0401 14:12:12.351037 20230 module.py:137] clf sent back job: 19
I0401 14:12:12.352229 20233 pipeline.py:277] Sent job 33 to module writer
I0401 14:12:12.354345 20231 module.py:108] writer received job: 33
I0401 14:12:12.354787 20231 module.py:165] Load data from file 2019-04-01_14h10m32s/data.jsonpreprocessing_{"data_model": "Combined"}_clf_{"test_ratio": 0.2, "classifier": "SVM"}_
I0401 14:12:12.355292 20231 csv_writer.py:33] Save csv to 2019-04-01_14h10m32s/results.csv
I0401 14:12:12.354485 20230 module.py:108] clf received job: 20
I0401 14:12:12.354485 20230 module.py:108] clf received job: 20
I0401 14:12:12.359250 20230 module.py:165] Load data from file 2019-04-01_14h10m32s/data.jsonpreprocessing_{"data_model": "Combined"}_
I0401 14:12:12.359250 20230 module.py:165] Load data from file 2019-04-01_14h10m32s/data.jsonpreprocessing_{"data_model": "Combined"}_
I0401 14:12:12.371134 20231 module.py:137] writer sent back job: 33
I0401 14:12:12.372323 20233 pipeline.py:225] Job 33 completed.
I0401 14:12:13.275522 20230 module.py:184] Save data to file 2019-04-01_14h10m32s/data.jsonpreprocessing_{"data_model": "Combined"}_clf_{"test_ratio": 0.4, "classifier": "SVM"}_
I0401 14:12:13.275522 20230 module.py:184] Save data to file 2019-04-01_14h10m32s/data.jsonpreprocessing_{"data_model": "Combined"}_clf_{"test_ratio": 0.4, "classifier": "SVM"}_
I0401 14:12:13.287277 20230 module.py:137] clf sent back job: 20
I0401 14:12:13.288275 20233 pipeline.py:277] Sent job 34 to module writer
I0401 14:12:13.287277 20230 module.py:137] clf sent back job: 20
I0401 14:12:13.290996 20231 module.py:108] writer received job: 34
I0401 14:12:13.291388 20231 module.py:165] Load data from file 2019-04-01_14h10m32s/data.jsonpreprocessing_{"data_model": "Combined"}_clf_{"test_ratio": 0.4, "classifier": "SVM"}_
I0401 14:12:13.291851 20231 csv_writer.py:33] Save csv to 2019-04-01_14h10m32s/results.csv
I0401 14:12:13.292848 20230 module.py:108] clf received job: 21
I0401 14:12:13.292848 20230 module.py:108] clf received job: 21
I0401 14:12:13.296230 20230 module.py:165] Load data from file 2019-04-01_14h10m32s/data.jsonpreprocessing_{"data_model": "Combined"}_
I0401 14:12:13.296230 20230 module.py:165] Load data from file 2019-04-01_14h10m32s/data.jsonpreprocessing_{"data_model": "Combined"}_
I0401 14:12:13.319237 20231 module.py:137] writer sent back job: 34
I0401 14:12:13.320759 20233 pipeline.py:225] Job 34 completed.
I0401 14:12:13.480148 20230 module.py:184] Save data to file 2019-04-01_14h10m32s/data.jsonpreprocessing_{"data_model": "Combined"}_clf_{"test_ratio": 0.2, "classifier": "NaiveBayes"}_
I0401 14:12:13.480148 20230 module.py:184] Save data to file 2019-04-01_14h10m32s/data.jsonpreprocessing_{"data_model": "Combined"}_clf_{"test_ratio": 0.2, "classifier": "NaiveBayes"}_
I0401 14:12:13.496417 20233 pipeline.py:277] Sent job 35 to module writer
I0401 14:12:13.495548 20230 module.py:137] clf sent back job: 21
I0401 14:12:13.495548 20230 module.py:137] clf sent back job: 21
I0401 14:12:13.499043 20231 module.py:108] writer received job: 35
I0401 14:12:13.499496 20231 module.py:165] Load data from file 2019-04-01_14h10m32s/data.jsonpreprocessing_{"data_model": "Combined"}_clf_{"test_ratio": 0.2, "classifier": "NaiveBayes"}_
I0401 14:12:13.500036 20231 csv_writer.py:33] Save csv to 2019-04-01_14h10m32s/results.csv
I0401 14:12:13.501837 20230 module.py:108] clf received job: 22
I0401 14:12:13.502506 20230 module.py:165] Load data from file 2019-04-01_14h10m32s/data.jsonpreprocessing_{"data_model": "Combined"}_
I0401 14:12:13.501837 20230 module.py:108] clf received job: 22
I0401 14:12:13.502506 20230 module.py:165] Load data from file 2019-04-01_14h10m32s/data.jsonpreprocessing_{"data_model": "Combined"}_
I0401 14:12:13.525110 20231 module.py:137] writer sent back job: 35
I0401 14:12:13.526103 20233 pipeline.py:225] Job 35 completed.
I0401 14:12:13.704843 20230 module.py:184] Save data to file 2019-04-01_14h10m32s/data.jsonpreprocessing_{"data_model": "Combined"}_clf_{"test_ratio": 0.4, "classifier": "NaiveBayes"}_
I0401 14:12:13.704843 20230 module.py:184] Save data to file 2019-04-01_14h10m32s/data.jsonpreprocessing_{"data_model": "Combined"}_clf_{"test_ratio": 0.4, "classifier": "NaiveBayes"}_
I0401 14:12:13.739537 20230 module.py:137] clf sent back job: 22
I0401 14:12:13.739537 20230 module.py:137] clf sent back job: 22
I0401 14:12:13.738945 20233 pipeline.py:277] Sent job 36 to module writer
I0401 14:12:13.741704 20230 module.py:108] clf received job: 23
I0401 14:12:13.741704 20230 module.py:108] clf received job: 23
I0401 14:12:13.742624 20231 module.py:108] writer received job: 36
I0401 14:12:13.743041 20231 module.py:165] Load data from file 2019-04-01_14h10m32s/data.jsonpreprocessing_{"data_model": "Combined"}_clf_{"test_ratio": 0.4, "classifier": "NaiveBayes"}_
I0401 14:12:13.743670 20231 csv_writer.py:33] Save csv to 2019-04-01_14h10m32s/results.csv
I0401 14:12:13.742623 20230 module.py:165] Load data from file 2019-04-01_14h10m32s/data.jsonpreprocessing_{"data_model": "Combined"}_
I0401 14:12:13.742623 20230 module.py:165] Load data from file 2019-04-01_14h10m32s/data.jsonpreprocessing_{"data_model": "Combined"}_
I0401 14:12:13.756493 20231 module.py:137] writer sent back job: 36
I0401 14:12:13.757174 20233 pipeline.py:225] Job 36 completed.
I0401 14:12:20.345216 20230 module.py:184] Save data to file 2019-04-01_14h10m32s/data.jsonpreprocessing_{"data_model": "Combined"}_clf_{"test_ratio": 0.2, "classifier": "MLP"}_
I0401 14:12:20.345216 20230 module.py:184] Save data to file 2019-04-01_14h10m32s/data.jsonpreprocessing_{"data_model": "Combined"}_clf_{"test_ratio": 0.2, "classifier": "MLP"}_
I0401 14:12:20.364989 20230 module.py:137] clf sent back job: 23
I0401 14:12:20.364989 20230 module.py:137] clf sent back job: 23
I0401 14:12:20.366525 20233 pipeline.py:277] Sent job 37 to module writer
I0401 14:12:20.368359 20230 module.py:108] clf received job: 24
I0401 14:12:20.368359 20230 module.py:108] clf received job: 24
I0401 14:12:20.368561 20231 module.py:108] writer received job: 37
I0401 14:12:20.368956 20231 module.py:165] Load data from file 2019-04-01_14h10m32s/data.jsonpreprocessing_{"data_model": "Combined"}_clf_{"test_ratio": 0.2, "classifier": "MLP"}_
I0401 14:12:20.369446 20231 csv_writer.py:33] Save csv to 2019-04-01_14h10m32s/results.csv
I0401 14:12:20.369409 20230 module.py:165] Load data from file 2019-04-01_14h10m32s/data.jsonpreprocessing_{"data_model": "Combined"}_
I0401 14:12:20.369409 20230 module.py:165] Load data from file 2019-04-01_14h10m32s/data.jsonpreprocessing_{"data_model": "Combined"}_
I0401 14:12:20.396820 20231 module.py:137] writer sent back job: 37
I0401 14:12:20.397492 20233 pipeline.py:225] Job 37 completed.
I0401 14:12:25.549981 20230 module.py:184] Save data to file 2019-04-01_14h10m32s/data.jsonpreprocessing_{"data_model": "Combined"}_clf_{"test_ratio": 0.4, "classifier": "MLP"}_
I0401 14:12:25.549981 20230 module.py:184] Save data to file 2019-04-01_14h10m32s/data.jsonpreprocessing_{"data_model": "Combined"}_clf_{"test_ratio": 0.4, "classifier": "MLP"}_
I0401 14:12:25.570755 20230 module.py:137] clf sent back job: 24
I0401 14:12:25.570755 20230 module.py:137] clf sent back job: 24
I0401 14:12:25.571752 20233 pipeline.py:277] Sent job 38 to module writer
I0401 14:12:25.573600 20231 module.py:108] writer received job: 38
I0401 14:12:25.574106 20231 module.py:165] Load data from file 2019-04-01_14h10m32s/data.jsonpreprocessing_{"data_model": "Combined"}_clf_{"test_ratio": 0.4, "classifier": "MLP"}_
I0401 14:12:25.574691 20231 csv_writer.py:33] Save csv to 2019-04-01_14h10m32s/results.csv
I0401 14:12:25.586225 20231 module.py:137] writer sent back job: 38
I0401 14:12:25.587230 20233 pipeline.py:225] Job 38 completed.
I0401 14:12:25.588061 20233 pipeline.py:297] Sent command shutdown to module preprocessing, -1
I0401 14:12:25.588876 20233 pipeline.py:297] Sent command shutdown to module clf, -1
I0401 14:12:25.589689 20233 pipeline.py:297] Sent command shutdown to module writer, -1
W0401 14:12:25.588912 20229 module.py:143] Module 1 preprocessing received command shutdown
W0401 14:12:25.588912 20229 module.py:143] Module 1 preprocessing received command shutdown
I0401 14:12:25.590370 20233 pipeline.py:297] Sent command shutdown to module logger, -1
W0401 14:12:25.590728 20233 pipeline.py:248] All jobs are completed, shutting down the pipeline
W0401 14:12:25.592019 20231 module.py:143] Module 3 writer received command shutdown
W0401 14:12:25.603157 20230 module.py:143] Module 2 clf received command shutdown
W0401 14:12:25.603157 20230 module.py:143] Module 2 clf received command shutdown
I0401 14:12:25.870490 20232 logger.py:42] Module 4 logger received command shutdown
