I1112 22:59:29.731796 37913 pipeline.py:38] Loading configuration file
I1112 22:59:29.732701 37913 pipeline.py:39] {
    "pipeline": {
        "name": "text_classifier", 
        "rabbitmq_host": "127.0.0.1", 
        "use_mongodb": false, 
        "clean_up": false, 
        "mode": "local", 
        "mongodb_host": "127.0.0.1"
    }, 
    "modules": [
        {
            "processes": 1, 
            "name": "reader", 
            "input_file": "data.json", 
            "instances": 1, 
            "params": [
                {
                    "start": 0.2, 
                    "step_size": 0.2, 
                    "end": 0.6, 
                    "type": "float", 
                    "name": "mult"
                }, 
                {
                    "start": 1.0, 
                    "step_size": 0.5, 
                    "end": 2.0, 
                    "type": "float", 
                    "name": "add"
                }
            ], 
            "output_module": "append", 
            "type": "Reader"
        }, 
        {
            "instances": 1, 
            "output_module": "writer", 
            "type": "Append", 
            "name": "append", 
            "params": [
                {
                    "values": [
                        1000, 
                        2000
                    ], 
                    "type": "collection", 
                    "name": "num"
                }
            ]
        }, 
        {
            "name": "writer", 
            "script": "src/writer.py", 
            "output_file": "./results-classifier.csv", 
            "instances": 1, 
            "params": [
                {
                    "start": -1.0, 
                    "step_size": 2.0, 
                    "end": 0.0, 
                    "type": "float", 
                    "name": "subtract"
                }, 
                {
                    "values": [
                        "SVM", 
                        "NaiveBayes", 
                        "MLP", 
                        "DT", 
                        "KNN", 
                        "RandomForest", 
                        "Adaboost", 
                        "GradientBoost"
                    ], 
                    "type": "collection", 
                    "name": "classifier"
                }
            ], 
            "type": "Writer"
        }
    ]
}
I1112 22:59:29.734183 37913 pipeline.py:59] Module list: {u'writer': {u'name': u'writer', u'script': u'src/writer.py', u'output_file': u'./results-classifier.csv', u'instances': 1, u'params': [{u'start': -1.0, u'step_size': 2.0, u'end': 0.0, u'type': u'float', u'name': u'subtract'}, {u'values': [u'SVM', u'NaiveBayes', u'MLP', u'DT', u'KNN', u'RandomForest', u'Adaboost', u'GradientBoost'], u'type': u'collection', u'name': u'classifier'}], u'type': u'Writer'}, u'append': {u'instances': 1, u'output_module': u'writer', u'type': u'Append', u'name': u'append', u'params': [{u'values': [1000, 2000], u'type': u'collection', u'name': u'num'}]}, u'reader': {u'processes': 1, u'name': u'reader', u'input_file': u'data.json', u'instances': 1, u'params': [{u'start': 0.2, u'step_size': 0.2, u'end': 0.6, u'type': u'float', u'name': u'mult'}, {u'start': 1.0, u'step_size': 0.5, u'end': 2.0, u'type': u'float', u'name': u'add'}], u'output_module': u'append', u'type': u'Reader'}}
I1112 22:59:29.735232 37913 pipeline.py:63] Total jobs: 243
I1112 22:59:29.763745 37913 pipeline.py:277] Sent job 0 to module reader
I1112 22:59:29.764334 37913 pipeline.py:277] Sent job 1 to module reader
I1112 22:59:29.763999 37911 module.py:224] Module writer started, awaiting for requests.
I1112 22:59:29.763999 37911 module.py:224] Module writer started, awaiting for requests.
I1112 22:59:29.765368 37913 pipeline.py:277] Sent job 2 to module reader
I1112 22:59:29.766025 37913 pipeline.py:277] Sent job 3 to module reader
I1112 22:59:29.766571 37913 pipeline.py:277] Sent job 4 to module reader
I1112 22:59:29.767119 37913 pipeline.py:277] Sent job 5 to module reader
I1112 22:59:29.767963 37913 pipeline.py:277] Sent job 6 to module reader
I1112 22:59:29.768276 37910 module.py:224] Module append started, awaiting for requests.
I1112 22:59:29.768697 37913 pipeline.py:277] Sent job 7 to module reader
I1112 22:59:29.768276 37910 module.py:224] Module append started, awaiting for requests.
I1112 22:59:29.769222 37913 pipeline.py:277] Sent job 8 to module reader
I1112 22:59:29.774152 37912 module.py:224] Module logger started, awaiting for requests.
I1112 22:59:29.776772 37909 module.py:224] Module reader started, awaiting for requests.
I1112 22:59:29.776772 37909 module.py:224] Module reader started, awaiting for requests.
I1112 22:59:29.779267 37909 module.py:108] reader received job: 0
I1112 22:59:29.779267 37909 module.py:108] reader received job: 0
I1112 22:59:29.779858 37909 module.py:165] Load data from file 2019-11-12_22h59m24s/data.json
I1112 22:59:29.779858 37909 module.py:165] Load data from file 2019-11-12_22h59m24s/data.json
I1112 22:59:29.780896 37909 module.py:184] Save data to file 2019-11-12_22h59m24s/data.jsonreader_{"add": 1.0, "mult": 0.2}_
I1112 22:59:29.780896 37909 module.py:184] Save data to file 2019-11-12_22h59m24s/data.jsonreader_{"add": 1.0, "mult": 0.2}_
I1112 22:59:29.794394 37909 module.py:137] reader sent back job: 0
I1112 22:59:29.794394 37909 module.py:137] reader sent back job: 0
I1112 22:59:29.796319 37913 pipeline.py:277] Sent job 9 to module append
I1112 22:59:29.797504 37913 pipeline.py:277] Sent job 10 to module append
I1112 22:59:29.799554 37909 module.py:108] reader received job: 1
I1112 22:59:29.799554 37909 module.py:108] reader received job: 1
I1112 22:59:29.800389 37909 module.py:165] Load data from file 2019-11-12_22h59m24s/data.json
I1112 22:59:29.800389 37909 module.py:165] Load data from file 2019-11-12_22h59m24s/data.json
I1112 22:59:29.801027 37910 module.py:108] append received job: 9
I1112 22:59:29.801300 37909 module.py:184] Save data to file 2019-11-12_22h59m24s/data.jsonreader_{"add": 1.0, "mult": 0.4}_
I1112 22:59:29.801300 37909 module.py:184] Save data to file 2019-11-12_22h59m24s/data.jsonreader_{"add": 1.0, "mult": 0.4}_
I1112 22:59:29.801027 37910 module.py:108] append received job: 9
I1112 22:59:29.802093 37910 module.py:165] Load data from file 2019-11-12_22h59m24s/data.jsonreader_{"add": 1.0, "mult": 0.2}_
I1112 22:59:29.802093 37910 module.py:165] Load data from file 2019-11-12_22h59m24s/data.jsonreader_{"add": 1.0, "mult": 0.2}_
I1112 22:59:29.803934 37910 module.py:184] Save data to file 2019-11-12_22h59m24s/data.jsonreader_{"add": 1.0, "mult": 0.2}_append_{"num": 1000}_
I1112 22:59:29.803934 37910 module.py:184] Save data to file 2019-11-12_22h59m24s/data.jsonreader_{"add": 1.0, "mult": 0.2}_append_{"num": 1000}_
I1112 22:59:30.049392 37909 module.py:137] reader sent back job: 1
I1112 22:59:30.048993 37910 module.py:137] append sent back job: 9
I1112 22:59:30.048993 37910 module.py:137] append sent back job: 9
I1112 22:59:30.049392 37909 module.py:137] reader sent back job: 1
I1112 22:59:30.091675 37913 pipeline.py:277] Sent job 11 to module writer
I1112 22:59:30.092284 37913 pipeline.py:277] Sent job 12 to module writer
I1112 22:59:30.092830 37913 pipeline.py:277] Sent job 13 to module writer
I1112 22:59:30.093357 37913 pipeline.py:277] Sent job 14 to module writer
I1112 22:59:30.093869 37913 pipeline.py:277] Sent job 15 to module writer
I1112 22:59:30.094825 37913 pipeline.py:277] Sent job 16 to module writer
I1112 22:59:30.107250 37913 pipeline.py:277] Sent job 17 to module writer
I1112 22:59:30.108098 37913 pipeline.py:277] Sent job 18 to module writer
I1112 22:59:30.108886 37913 pipeline.py:277] Sent job 19 to module append
I1112 22:59:30.109512 37913 pipeline.py:277] Sent job 20 to module append
I1112 22:59:30.107567 37910 module.py:108] append received job: 10
I1112 22:59:30.108351 37910 module.py:165] Load data from file 2019-11-12_22h59m24s/data.jsonreader_{"add": 1.0, "mult": 0.2}_
I1112 22:59:30.109491 37910 module.py:184] Save data to file 2019-11-12_22h59m24s/data.jsonreader_{"add": 1.0, "mult": 0.2}_append_{"num": 2000}_
I1112 22:59:30.107567 37910 module.py:108] append received job: 10
I1112 22:59:30.108351 37910 module.py:165] Load data from file 2019-11-12_22h59m24s/data.jsonreader_{"add": 1.0, "mult": 0.2}_
I1112 22:59:30.109491 37910 module.py:184] Save data to file 2019-11-12_22h59m24s/data.jsonreader_{"add": 1.0, "mult": 0.2}_append_{"num": 2000}_
I1112 22:59:30.109066 37909 module.py:108] reader received job: 2
I1112 22:59:30.109659 37909 module.py:165] Load data from file 2019-11-12_22h59m24s/data.json
I1112 22:59:30.110469 37909 module.py:184] Save data to file 2019-11-12_22h59m24s/data.jsonreader_{"add": 1.0, "mult": 0.6000000000000001}_
I1112 22:59:30.109066 37909 module.py:108] reader received job: 2
I1112 22:59:30.109659 37909 module.py:165] Load data from file 2019-11-12_22h59m24s/data.json
I1112 22:59:30.110469 37909 module.py:184] Save data to file 2019-11-12_22h59m24s/data.jsonreader_{"add": 1.0, "mult": 0.6000000000000001}_
I1112 22:59:30.116588 37911 module.py:108] writer received job: 11
I1112 22:59:30.116588 37911 module.py:108] writer received job: 11
I1112 22:59:30.117887 37911 module.py:165] Load data from file 2019-11-12_22h59m24s/data.jsonreader_{"add": 1.0, "mult": 0.2}_append_{"num": 1000}_
I1112 22:59:30.119726 37911 module.py:184] Save data to file 2019-11-12_22h59m24s/data.jsonreader_{"add": 1.0, "mult": 0.2}_append_{"num": 1000}_writer_{"subtract": -1.0, "classifier": "SVM"}_
I1112 22:59:30.117887 37911 module.py:165] Load data from file 2019-11-12_22h59m24s/data.jsonreader_{"add": 1.0, "mult": 0.2}_append_{"num": 1000}_
I1112 22:59:30.119726 37911 module.py:184] Save data to file 2019-11-12_22h59m24s/data.jsonreader_{"add": 1.0, "mult": 0.2}_append_{"num": 1000}_writer_{"subtract": -1.0, "classifier": "SVM"}_
I1112 22:59:30.135116 37909 module.py:137] reader sent back job: 2
I1112 22:59:30.135116 37909 module.py:137] reader sent back job: 2
I1112 22:59:30.137162 37913 pipeline.py:277] Sent job 21 to module append
I1112 22:59:30.138724 37913 pipeline.py:277] Sent job 22 to module append
I1112 22:59:30.150002 37909 module.py:108] reader received job: 3
I1112 22:59:30.150002 37909 module.py:108] reader received job: 3
I1112 22:59:30.150717 37909 module.py:165] Load data from file 2019-11-12_22h59m24s/data.json
I1112 22:59:30.150717 37909 module.py:165] Load data from file 2019-11-12_22h59m24s/data.json
I1112 22:59:30.152061 37910 module.py:137] append sent back job: 10
I1112 22:59:30.152061 37910 module.py:137] append sent back job: 10
I1112 22:59:30.151890 37909 module.py:184] Save data to file 2019-11-12_22h59m24s/data.jsonreader_{"add": 1.5, "mult": 0.2}_
I1112 22:59:30.155186 37910 module.py:108] append received job: 19
I1112 22:59:30.155186 37910 module.py:108] append received job: 19
I1112 22:59:30.156312 37910 module.py:165] Load data from file 2019-11-12_22h59m24s/data.jsonreader_{"add": 1.0, "mult": 0.4}_
I1112 22:59:30.156312 37910 module.py:165] Load data from file 2019-11-12_22h59m24s/data.jsonreader_{"add": 1.0, "mult": 0.4}_
I1112 22:59:30.157829 37910 module.py:184] Save data to file 2019-11-12_22h59m24s/data.jsonreader_{"add": 1.0, "mult": 0.4}_append_{"num": 1000}_
I1112 22:59:30.156936 37913 pipeline.py:277] Sent job 23 to module writer
I1112 22:59:30.157829 37910 module.py:184] Save data to file 2019-11-12_22h59m24s/data.jsonreader_{"add": 1.0, "mult": 0.4}_append_{"num": 1000}_
I1112 22:59:30.160110 37913 pipeline.py:277] Sent job 24 to module writer
I1112 22:59:30.160715 37913 pipeline.py:277] Sent job 25 to module writer
I1112 22:59:30.161262 37913 pipeline.py:277] Sent job 26 to module writer
I1112 22:59:30.161886 37913 pipeline.py:277] Sent job 27 to module writer
I1112 22:59:30.162425 37913 pipeline.py:277] Sent job 28 to module writer
I1112 22:59:30.162966 37913 pipeline.py:277] Sent job 29 to module writer
I1112 22:59:30.163522 37913 pipeline.py:277] Sent job 30 to module writer
I1112 22:59:30.151890 37909 module.py:184] Save data to file 2019-11-12_22h59m24s/data.jsonreader_{"add": 1.5, "mult": 0.2}_
I1112 22:59:30.185122 37911 module.py:137] writer sent back job: 11
I1112 22:59:30.185122 37911 module.py:137] writer sent back job: 11
I1112 22:59:30.187022 37913 pipeline.py:225] Job 11 completed.
I1112 22:59:30.187896 37911 module.py:108] writer received job: 12
I1112 22:59:30.187896 37911 module.py:108] writer received job: 12
I1112 22:59:30.188592 37911 module.py:165] Load data from file 2019-11-12_22h59m24s/data.jsonreader_{"add": 1.0, "mult": 0.2}_append_{"num": 1000}_
I1112 22:59:30.188592 37911 module.py:165] Load data from file 2019-11-12_22h59m24s/data.jsonreader_{"add": 1.0, "mult": 0.2}_append_{"num": 1000}_
I1112 22:59:30.189503 37911 module.py:184] Save data to file 2019-11-12_22h59m24s/data.jsonreader_{"add": 1.0, "mult": 0.2}_append_{"num": 1000}_writer_{"subtract": -1.0, "classifier": "NaiveBayes"}_
I1112 22:59:30.189503 37911 module.py:184] Save data to file 2019-11-12_22h59m24s/data.jsonreader_{"add": 1.0, "mult": 0.2}_append_{"num": 1000}_writer_{"subtract": -1.0, "classifier": "NaiveBayes"}_
I1112 22:59:30.197609 37910 module.py:137] append sent back job: 19
I1112 22:59:30.197609 37910 module.py:137] append sent back job: 19
I1112 22:59:30.198909 37913 pipeline.py:277] Sent job 31 to module writer
I1112 22:59:30.199923 37913 pipeline.py:277] Sent job 32 to module writer
I1112 22:59:30.200299 37910 module.py:108] append received job: 20
I1112 22:59:30.200536 37913 pipeline.py:277] Sent job 33 to module writer
I1112 22:59:30.200299 37910 module.py:108] append received job: 20
I1112 22:59:30.201301 37913 pipeline.py:277] Sent job 34 to module writer
I1112 22:59:30.201121 37910 module.py:165] Load data from file 2019-11-12_22h59m24s/data.jsonreader_{"add": 1.0, "mult": 0.4}_
I1112 22:59:30.201121 37910 module.py:165] Load data from file 2019-11-12_22h59m24s/data.jsonreader_{"add": 1.0, "mult": 0.4}_
I1112 22:59:30.202007 37913 pipeline.py:277] Sent job 35 to module writer
I1112 22:59:30.202249 37910 module.py:184] Save data to file 2019-11-12_22h59m24s/data.jsonreader_{"add": 1.0, "mult": 0.4}_append_{"num": 2000}_
I1112 22:59:30.202249 37910 module.py:184] Save data to file 2019-11-12_22h59m24s/data.jsonreader_{"add": 1.0, "mult": 0.4}_append_{"num": 2000}_
I1112 22:59:30.204070 37913 pipeline.py:277] Sent job 36 to module writer
I1112 22:59:30.205152 37913 pipeline.py:277] Sent job 37 to module writer
I1112 22:59:30.205931 37913 pipeline.py:277] Sent job 38 to module writer
I1112 22:59:30.225313 37909 module.py:137] reader sent back job: 3
I1112 22:59:30.225313 37909 module.py:137] reader sent back job: 3
I1112 22:59:30.228420 37913 pipeline.py:277] Sent job 39 to module append
I1112 22:59:30.229393 37913 pipeline.py:277] Sent job 40 to module append
I1112 22:59:30.230230 37913 pipeline.py:225] Job 12 completed.
I1112 22:59:30.227694 37911 module.py:137] writer sent back job: 12
I1112 22:59:30.230026 37911 module.py:108] writer received job: 13
I1112 22:59:30.230849 37911 module.py:165] Load data from file 2019-11-12_22h59m24s/data.jsonreader_{"add": 1.0, "mult": 0.2}_append_{"num": 1000}_
I1112 22:59:30.231735 37911 module.py:184] Save data to file 2019-11-12_22h59m24s/data.jsonreader_{"add": 1.0, "mult": 0.2}_append_{"num": 1000}_writer_{"subtract": -1.0, "classifier": "MLP"}_
I1112 22:59:30.227694 37911 module.py:137] writer sent back job: 12
I1112 22:59:30.230026 37911 module.py:108] writer received job: 13
I1112 22:59:30.230849 37911 module.py:165] Load data from file 2019-11-12_22h59m24s/data.jsonreader_{"add": 1.0, "mult": 0.2}_append_{"num": 1000}_
I1112 22:59:30.231735 37911 module.py:184] Save data to file 2019-11-12_22h59m24s/data.jsonreader_{"add": 1.0, "mult": 0.2}_append_{"num": 1000}_writer_{"subtract": -1.0, "classifier": "MLP"}_
I1112 22:59:30.233607 37909 module.py:108] reader received job: 4
I1112 22:59:30.234359 37909 module.py:165] Load data from file 2019-11-12_22h59m24s/data.json
I1112 22:59:30.233607 37909 module.py:108] reader received job: 4
I1112 22:59:30.234359 37909 module.py:165] Load data from file 2019-11-12_22h59m24s/data.json
I1112 22:59:30.236959 37909 module.py:184] Save data to file 2019-11-12_22h59m24s/data.jsonreader_{"add": 1.5, "mult": 0.4}_
I1112 22:59:30.236959 37909 module.py:184] Save data to file 2019-11-12_22h59m24s/data.jsonreader_{"add": 1.5, "mult": 0.4}_
I1112 22:59:30.248292 37910 module.py:137] append sent back job: 20
I1112 22:59:30.248292 37910 module.py:137] append sent back job: 20
I1112 22:59:30.249876 37913 pipeline.py:277] Sent job 41 to module writer
I1112 22:59:30.250515 37913 pipeline.py:277] Sent job 42 to module writer
I1112 22:59:30.251271 37913 pipeline.py:277] Sent job 43 to module writer
I1112 22:59:30.252393 37913 pipeline.py:277] Sent job 44 to module writer
I1112 22:59:30.253334 37913 pipeline.py:277] Sent job 45 to module writer
I1112 22:59:30.257946 37913 pipeline.py:277] Sent job 46 to module writer
I1112 22:59:30.258141 37910 module.py:108] append received job: 21
I1112 22:59:30.258141 37910 module.py:108] append received job: 21
I1112 22:59:30.258749 37910 module.py:165] Load data from file 2019-11-12_22h59m24s/data.jsonreader_{"add": 1.0, "mult": 0.6000000000000001}_
I1112 22:59:30.259514 37913 pipeline.py:277] Sent job 47 to module writer
I1112 22:59:30.258749 37910 module.py:165] Load data from file 2019-11-12_22h59m24s/data.jsonreader_{"add": 1.0, "mult": 0.6000000000000001}_
I1112 22:59:30.259485 37910 module.py:184] Save data to file 2019-11-12_22h59m24s/data.jsonreader_{"add": 1.0, "mult": 0.6000000000000001}_append_{"num": 1000}_
I1112 22:59:30.259485 37910 module.py:184] Save data to file 2019-11-12_22h59m24s/data.jsonreader_{"add": 1.0, "mult": 0.6000000000000001}_append_{"num": 1000}_
I1112 22:59:30.260858 37913 pipeline.py:277] Sent job 48 to module writer
I1112 22:59:30.260571 37911 module.py:137] writer sent back job: 13
I1112 22:59:30.260571 37911 module.py:137] writer sent back job: 13
I1112 22:59:30.262059 37913 pipeline.py:225] Job 13 completed.
I1112 22:59:30.263246 37911 module.py:108] writer received job: 14
I1112 22:59:30.263246 37911 module.py:108] writer received job: 14
I1112 22:59:30.264134 37911 module.py:165] Load data from file 2019-11-12_22h59m24s/data.jsonreader_{"add": 1.0, "mult": 0.2}_append_{"num": 1000}_
I1112 22:59:30.264134 37911 module.py:165] Load data from file 2019-11-12_22h59m24s/data.jsonreader_{"add": 1.0, "mult": 0.2}_append_{"num": 1000}_
I1112 22:59:30.264894 37911 module.py:184] Save data to file 2019-11-12_22h59m24s/data.jsonreader_{"add": 1.0, "mult": 0.2}_append_{"num": 1000}_writer_{"subtract": -1.0, "classifier": "DT"}_
I1112 22:59:30.264894 37911 module.py:184] Save data to file 2019-11-12_22h59m24s/data.jsonreader_{"add": 1.0, "mult": 0.2}_append_{"num": 1000}_writer_{"subtract": -1.0, "classifier": "DT"}_
I1112 22:59:30.280098 37909 module.py:137] reader sent back job: 4
I1112 22:59:30.280098 37909 module.py:137] reader sent back job: 4
I1112 22:59:30.282053 37913 pipeline.py:277] Sent job 49 to module append
I1112 22:59:30.282650 37913 pipeline.py:277] Sent job 50 to module append
I1112 22:59:30.291250 37909 module.py:108] reader received job: 5
I1112 22:59:30.291250 37909 module.py:108] reader received job: 5
I1112 22:59:30.291835 37909 module.py:165] Load data from file 2019-11-12_22h59m24s/data.json
I1112 22:59:30.291835 37909 module.py:165] Load data from file 2019-11-12_22h59m24s/data.json
I1112 22:59:30.292638 37909 module.py:184] Save data to file 2019-11-12_22h59m24s/data.jsonreader_{"add": 1.5, "mult": 0.6000000000000001}_
I1112 22:59:30.292638 37909 module.py:184] Save data to file 2019-11-12_22h59m24s/data.jsonreader_{"add": 1.5, "mult": 0.6000000000000001}_
I1112 22:59:30.307548 37911 module.py:137] writer sent back job: 14
I1112 22:59:30.307548 37911 module.py:137] writer sent back job: 14
I1112 22:59:30.308315 37913 pipeline.py:225] Job 14 completed.
I1112 22:59:30.313091 37911 module.py:108] writer received job: 15
I1112 22:59:30.313091 37911 module.py:108] writer received job: 15
I1112 22:59:30.315685 37913 pipeline.py:277] Sent job 51 to module writer
I1112 22:59:30.316346 37913 pipeline.py:277] Sent job 52 to module writer
I1112 22:59:30.316904 37913 pipeline.py:277] Sent job 53 to module writer
I1112 22:59:30.317493 37913 pipeline.py:277] Sent job 54 to module writer
I1112 22:59:30.315433 37911 module.py:165] Load data from file 2019-11-12_22h59m24s/data.jsonreader_{"add": 1.0, "mult": 0.2}_append_{"num": 1000}_
I1112 22:59:30.316634 37911 module.py:184] Save data to file 2019-11-12_22h59m24s/data.jsonreader_{"add": 1.0, "mult": 0.2}_append_{"num": 1000}_writer_{"subtract": -1.0, "classifier": "KNN"}_
I1112 22:59:30.315433 37911 module.py:165] Load data from file 2019-11-12_22h59m24s/data.jsonreader_{"add": 1.0, "mult": 0.2}_append_{"num": 1000}_
I1112 22:59:30.316634 37911 module.py:184] Save data to file 2019-11-12_22h59m24s/data.jsonreader_{"add": 1.0, "mult": 0.2}_append_{"num": 1000}_writer_{"subtract": -1.0, "classifier": "KNN"}_
I1112 22:59:30.318069 37913 pipeline.py:277] Sent job 55 to module writer
I1112 22:59:30.335104 37913 pipeline.py:277] Sent job 56 to module writer
I1112 22:59:30.335721 37913 pipeline.py:277] Sent job 57 to module writer
I1112 22:59:30.336884 37913 pipeline.py:277] Sent job 58 to module writer
I1112 22:59:30.328640 37909 module.py:137] reader sent back job: 5
I1112 22:59:30.338023 37913 pipeline.py:277] Sent job 59 to module append
I1112 22:59:30.328640 37909 module.py:137] reader sent back job: 5
I1112 22:59:30.339658 37913 pipeline.py:277] Sent job 60 to module append
I1112 22:59:30.345230 37909 module.py:108] reader received job: 6
I1112 22:59:30.346967 37909 module.py:165] Load data from file 2019-11-12_22h59m24s/data.json
I1112 22:59:30.345230 37909 module.py:108] reader received job: 6
I1112 22:59:30.346967 37909 module.py:165] Load data from file 2019-11-12_22h59m24s/data.json
I1112 22:59:30.348738 37909 module.py:184] Save data to file 2019-11-12_22h59m24s/data.jsonreader_{"add": 2.0, "mult": 0.2}_
I1112 22:59:30.348738 37909 module.py:184] Save data to file 2019-11-12_22h59m24s/data.jsonreader_{"add": 2.0, "mult": 0.2}_
I1112 22:59:30.350452 37913 pipeline.py:225] Job 15 completed.
I1112 22:59:30.351130 37911 module.py:137] writer sent back job: 15
I1112 22:59:30.351130 37911 module.py:137] writer sent back job: 15
I1112 22:59:30.318252 37910 module.py:137] append sent back job: 21
I1112 22:59:30.318252 37910 module.py:137] append sent back job: 21
I1112 22:59:30.356034 37911 module.py:108] writer received job: 16
I1112 22:59:30.355770 37910 module.py:108] append received job: 22
I1112 22:59:30.356034 37911 module.py:108] writer received job: 16
I1112 22:59:30.355770 37910 module.py:108] append received job: 22
I1112 22:59:30.357075 37910 module.py:165] Load data from file 2019-11-12_22h59m24s/data.jsonreader_{"add": 1.0, "mult": 0.6000000000000001}_
I1112 22:59:30.357075 37910 module.py:165] Load data from file 2019-11-12_22h59m24s/data.jsonreader_{"add": 1.0, "mult": 0.6000000000000001}_
I1112 22:59:30.366255 37913 pipeline.py:277] Sent job 61 to module append
I1112 22:59:30.513252 37910 module.py:184] Save data to file 2019-11-12_22h59m24s/data.jsonreader_{"add": 1.0, "mult": 0.6000000000000001}_append_{"num": 2000}_
I1112 22:59:30.513252 37910 module.py:184] Save data to file 2019-11-12_22h59m24s/data.jsonreader_{"add": 1.0, "mult": 0.6000000000000001}_append_{"num": 2000}_
I1112 22:59:30.513927 37913 pipeline.py:277] Sent job 62 to module append
I1112 22:59:30.356756 37911 module.py:165] Load data from file 2019-11-12_22h59m24s/data.jsonreader_{"add": 1.0, "mult": 0.2}_append_{"num": 1000}_
I1112 22:59:30.517623 37911 module.py:184] Save data to file 2019-11-12_22h59m24s/data.jsonreader_{"add": 1.0, "mult": 0.2}_append_{"num": 1000}_writer_{"subtract": -1.0, "classifier": "RandomForest"}_
I1112 22:59:30.356756 37911 module.py:165] Load data from file 2019-11-12_22h59m24s/data.jsonreader_{"add": 1.0, "mult": 0.2}_append_{"num": 1000}_
I1112 22:59:30.517623 37911 module.py:184] Save data to file 2019-11-12_22h59m24s/data.jsonreader_{"add": 1.0, "mult": 0.2}_append_{"num": 1000}_writer_{"subtract": -1.0, "classifier": "RandomForest"}_
I1112 22:59:30.364511 37909 module.py:137] reader sent back job: 6
I1112 22:59:30.364511 37909 module.py:137] reader sent back job: 6
I1112 22:59:30.526618 37909 module.py:108] reader received job: 7
I1112 22:59:30.527326 37909 module.py:165] Load data from file 2019-11-12_22h59m24s/data.json
I1112 22:59:30.528493 37909 module.py:184] Save data to file 2019-11-12_22h59m24s/data.jsonreader_{"add": 2.0, "mult": 0.4}_
I1112 22:59:30.526618 37909 module.py:108] reader received job: 7
I1112 22:59:30.527326 37909 module.py:165] Load data from file 2019-11-12_22h59m24s/data.json
I1112 22:59:30.528493 37909 module.py:184] Save data to file 2019-11-12_22h59m24s/data.jsonreader_{"add": 2.0, "mult": 0.4}_
I1112 22:59:30.543931 37910 module.py:137] append sent back job: 22
I1112 22:59:30.543931 37910 module.py:137] append sent back job: 22
I1112 22:59:30.545928 37910 module.py:108] append received job: 39
I1112 22:59:30.546611 37910 module.py:165] Load data from file 2019-11-12_22h59m24s/data.jsonreader_{"add": 1.5, "mult": 0.2}_
I1112 22:59:30.547295 37910 module.py:184] Save data to file 2019-11-12_22h59m24s/data.jsonreader_{"add": 1.5, "mult": 0.2}_append_{"num": 1000}_
I1112 22:59:30.546294 37913 pipeline.py:277] Sent job 63 to module writer
I1112 22:59:30.546883 37913 pipeline.py:277] Sent job 64 to module writer
I1112 22:59:30.547422 37913 pipeline.py:277] Sent job 65 to module writer
I1112 22:59:30.548096 37913 pipeline.py:277] Sent job 66 to module writer
I1112 22:59:30.548918 37913 pipeline.py:277] Sent job 67 to module writer
I1112 22:59:30.549578 37913 pipeline.py:277] Sent job 68 to module writer
I1112 22:59:30.550165 37913 pipeline.py:277] Sent job 69 to module writer
I1112 22:59:30.550986 37913 pipeline.py:277] Sent job 70 to module writer
I1112 22:59:30.551871 37913 pipeline.py:225] Job 16 completed.
I1112 22:59:30.549082 37911 module.py:137] writer sent back job: 16
I1112 22:59:30.545928 37910 module.py:108] append received job: 39
I1112 22:59:30.552237 37911 module.py:108] writer received job: 17
I1112 22:59:30.546611 37910 module.py:165] Load data from file 2019-11-12_22h59m24s/data.jsonreader_{"add": 1.5, "mult": 0.2}_
I1112 22:59:30.547295 37910 module.py:184] Save data to file 2019-11-12_22h59m24s/data.jsonreader_{"add": 1.5, "mult": 0.2}_append_{"num": 1000}_
I1112 22:59:30.549082 37911 module.py:137] writer sent back job: 16
I1112 22:59:30.553129 37911 module.py:165] Load data from file 2019-11-12_22h59m24s/data.jsonreader_{"add": 1.0, "mult": 0.2}_append_{"num": 1000}_
I1112 22:59:30.552237 37911 module.py:108] writer received job: 17
I1112 22:59:30.553129 37911 module.py:165] Load data from file 2019-11-12_22h59m24s/data.jsonreader_{"add": 1.0, "mult": 0.2}_append_{"num": 1000}_
I1112 22:59:30.555198 37909 module.py:137] reader sent back job: 7
I1112 22:59:30.554495 37911 module.py:184] Save data to file 2019-11-12_22h59m24s/data.jsonreader_{"add": 1.0, "mult": 0.2}_append_{"num": 1000}_writer_{"subtract": -1.0, "classifier": "Adaboost"}_
I1112 22:59:30.555198 37909 module.py:137] reader sent back job: 7
I1112 22:59:30.554495 37911 module.py:184] Save data to file 2019-11-12_22h59m24s/data.jsonreader_{"add": 1.0, "mult": 0.2}_append_{"num": 1000}_writer_{"subtract": -1.0, "classifier": "Adaboost"}_
I1112 22:59:30.556528 37913 pipeline.py:277] Sent job 71 to module append
I1112 22:59:30.585529 37909 module.py:108] reader received job: 8
I1112 22:59:30.584182 37913 pipeline.py:277] Sent job 72 to module append
I1112 22:59:30.584990 37913 pipeline.py:277] Sent job 73 to module writer
I1112 22:59:30.585545 37913 pipeline.py:277] Sent job 74 to module writer
I1112 22:59:30.586091 37913 pipeline.py:277] Sent job 75 to module writer
I1112 22:59:30.563716 37910 module.py:137] append sent back job: 39
I1112 22:59:30.586669 37913 pipeline.py:277] Sent job 76 to module writer
I1112 22:59:30.585529 37909 module.py:108] reader received job: 8
I1112 22:59:30.563716 37910 module.py:137] append sent back job: 39
I1112 22:59:30.587661 37913 pipeline.py:277] Sent job 77 to module writer
I1112 22:59:30.587656 37909 module.py:165] Load data from file 2019-11-12_22h59m24s/data.json
I1112 22:59:30.589040 37913 pipeline.py:277] Sent job 78 to module writer
I1112 22:59:30.587656 37909 module.py:165] Load data from file 2019-11-12_22h59m24s/data.json
I1112 22:59:30.589987 37913 pipeline.py:277] Sent job 79 to module writer
I1112 22:59:30.590984 37913 pipeline.py:277] Sent job 80 to module writer
I1112 22:59:30.591061 37910 module.py:108] append received job: 40
I1112 22:59:30.591061 37910 module.py:108] append received job: 40
I1112 22:59:30.591694 37910 module.py:165] Load data from file 2019-11-12_22h59m24s/data.jsonreader_{"add": 1.5, "mult": 0.2}_
I1112 22:59:30.592354 37909 module.py:184] Save data to file 2019-11-12_22h59m24s/data.jsonreader_{"add": 2.0, "mult": 0.6000000000000001}_
I1112 22:59:30.592354 37909 module.py:184] Save data to file 2019-11-12_22h59m24s/data.jsonreader_{"add": 2.0, "mult": 0.6000000000000001}_
I1112 22:59:30.591694 37910 module.py:165] Load data from file 2019-11-12_22h59m24s/data.jsonreader_{"add": 1.5, "mult": 0.2}_
I1112 22:59:30.593705 37910 module.py:184] Save data to file 2019-11-12_22h59m24s/data.jsonreader_{"add": 1.5, "mult": 0.2}_append_{"num": 2000}_
I1112 22:59:30.593705 37910 module.py:184] Save data to file 2019-11-12_22h59m24s/data.jsonreader_{"add": 1.5, "mult": 0.2}_append_{"num": 2000}_
I1112 22:59:30.613711 37909 module.py:137] reader sent back job: 8
I1112 22:59:30.613711 37909 module.py:137] reader sent back job: 8
I1112 22:59:30.615349 37911 module.py:137] writer sent back job: 17
I1112 22:59:30.615349 37911 module.py:137] writer sent back job: 17
I1112 22:59:30.618133 37913 pipeline.py:277] Sent job 81 to module append
I1112 22:59:30.618745 37913 pipeline.py:277] Sent job 82 to module append
I1112 22:59:30.619251 37913 pipeline.py:225] Job 17 completed.
I1112 22:59:30.620271 37911 module.py:108] writer received job: 18
I1112 22:59:30.621284 37911 module.py:165] Load data from file 2019-11-12_22h59m24s/data.jsonreader_{"add": 1.0, "mult": 0.2}_append_{"num": 1000}_
I1112 22:59:30.620271 37911 module.py:108] writer received job: 18
I1112 22:59:30.621284 37911 module.py:165] Load data from file 2019-11-12_22h59m24s/data.jsonreader_{"add": 1.0, "mult": 0.2}_append_{"num": 1000}_
I1112 22:59:30.622766 37910 module.py:137] append sent back job: 40
I1112 22:59:30.622029 37911 module.py:184] Save data to file 2019-11-12_22h59m24s/data.jsonreader_{"add": 1.0, "mult": 0.2}_append_{"num": 1000}_writer_{"subtract": -1.0, "classifier": "GradientBoost"}_
I1112 22:59:30.622029 37911 module.py:184] Save data to file 2019-11-12_22h59m24s/data.jsonreader_{"add": 1.0, "mult": 0.2}_append_{"num": 1000}_writer_{"subtract": -1.0, "classifier": "GradientBoost"}_
I1112 22:59:30.622766 37910 module.py:137] append sent back job: 40
I1112 22:59:30.623852 37913 pipeline.py:277] Sent job 83 to module writer
I1112 22:59:30.650361 37913 pipeline.py:277] Sent job 84 to module writer
I1112 22:59:30.653651 37913 pipeline.py:277] Sent job 85 to module writer
I1112 22:59:30.654938 37913 pipeline.py:277] Sent job 86 to module writer
I1112 22:59:30.657046 37910 module.py:108] append received job: 49
I1112 22:59:30.656395 37913 pipeline.py:277] Sent job 87 to module writer
I1112 22:59:30.657046 37910 module.py:108] append received job: 49
I1112 22:59:30.660566 37910 module.py:165] Load data from file 2019-11-12_22h59m24s/data.jsonreader_{"add": 1.5, "mult": 0.4}_
I1112 22:59:30.660824 37913 pipeline.py:277] Sent job 88 to module writer
I1112 22:59:30.663862 37913 pipeline.py:277] Sent job 89 to module writer
I1112 22:59:30.660566 37910 module.py:165] Load data from file 2019-11-12_22h59m24s/data.jsonreader_{"add": 1.5, "mult": 0.4}_
I1112 22:59:30.664674 37913 pipeline.py:277] Sent job 90 to module writer
I1112 22:59:30.665621 37910 module.py:184] Save data to file 2019-11-12_22h59m24s/data.jsonreader_{"add": 1.5, "mult": 0.4}_append_{"num": 1000}_
I1112 22:59:30.665621 37910 module.py:184] Save data to file 2019-11-12_22h59m24s/data.jsonreader_{"add": 1.5, "mult": 0.4}_append_{"num": 1000}_
I1112 22:59:30.696151 37911 module.py:137] writer sent back job: 18
I1112 22:59:30.696151 37911 module.py:137] writer sent back job: 18
I1112 22:59:30.697619 37913 pipeline.py:225] Job 18 completed.
I1112 22:59:30.698966 37911 module.py:108] writer received job: 23
I1112 22:59:30.698937 37910 module.py:137] append sent back job: 49
I1112 22:59:30.698937 37910 module.py:137] append sent back job: 49
I1112 22:59:30.698966 37911 module.py:108] writer received job: 23
I1112 22:59:30.699575 37911 module.py:165] Load data from file 2019-11-12_22h59m24s/data.jsonreader_{"add": 1.0, "mult": 0.2}_append_{"num": 2000}_
I1112 22:59:30.699575 37911 module.py:165] Load data from file 2019-11-12_22h59m24s/data.jsonreader_{"add": 1.0, "mult": 0.2}_append_{"num": 2000}_
I1112 22:59:30.700275 37911 module.py:184] Save data to file 2019-11-12_22h59m24s/data.jsonreader_{"add": 1.0, "mult": 0.2}_append_{"num": 2000}_writer_{"subtract": -1.0, "classifier": "SVM"}_
I1112 22:59:30.700300 37913 pipeline.py:277] Sent job 91 to module writer
I1112 22:59:30.700275 37911 module.py:184] Save data to file 2019-11-12_22h59m24s/data.jsonreader_{"add": 1.0, "mult": 0.2}_append_{"num": 2000}_writer_{"subtract": -1.0, "classifier": "SVM"}_
I1112 22:59:30.701076 37913 pipeline.py:277] Sent job 92 to module writer
I1112 22:59:30.701926 37910 module.py:108] append received job: 50
I1112 22:59:30.702022 37913 pipeline.py:277] Sent job 93 to module writer
I1112 22:59:30.701926 37910 module.py:108] append received job: 50
I1112 22:59:30.702517 37910 module.py:165] Load data from file 2019-11-12_22h59m24s/data.jsonreader_{"add": 1.5, "mult": 0.4}_
I1112 22:59:30.702517 37910 module.py:165] Load data from file 2019-11-12_22h59m24s/data.jsonreader_{"add": 1.5, "mult": 0.4}_
I1112 22:59:30.703084 37913 pipeline.py:277] Sent job 94 to module writer
I1112 22:59:30.703377 37910 module.py:184] Save data to file 2019-11-12_22h59m24s/data.jsonreader_{"add": 1.5, "mult": 0.4}_append_{"num": 2000}_
I1112 22:59:30.703990 37913 pipeline.py:277] Sent job 95 to module writer
I1112 22:59:30.705177 37913 pipeline.py:277] Sent job 96 to module writer
I1112 22:59:30.705777 37913 pipeline.py:277] Sent job 97 to module writer
I1112 22:59:30.703377 37910 module.py:184] Save data to file 2019-11-12_22h59m24s/data.jsonreader_{"add": 1.5, "mult": 0.4}_append_{"num": 2000}_
I1112 22:59:30.706612 37913 pipeline.py:277] Sent job 98 to module writer
I1112 22:59:30.724359 37910 module.py:137] append sent back job: 50
I1112 22:59:30.724359 37910 module.py:137] append sent back job: 50
I1112 22:59:30.724239 37911 module.py:137] writer sent back job: 23
I1112 22:59:30.724239 37911 module.py:137] writer sent back job: 23
I1112 22:59:30.727397 37910 module.py:108] append received job: 59
I1112 22:59:30.727397 37910 module.py:108] append received job: 59
I1112 22:59:30.728235 37910 module.py:165] Load data from file 2019-11-12_22h59m24s/data.jsonreader_{"add": 1.5, "mult": 0.6000000000000001}_
I1112 22:59:30.728235 37910 module.py:165] Load data from file 2019-11-12_22h59m24s/data.jsonreader_{"add": 1.5, "mult": 0.6000000000000001}_
I1112 22:59:30.727073 37913 pipeline.py:277] Sent job 99 to module writer
I1112 22:59:30.728012 37913 pipeline.py:277] Sent job 100 to module writer
I1112 22:59:30.727701 37911 module.py:108] writer received job: 24
I1112 22:59:30.728511 37911 module.py:165] Load data from file 2019-11-12_22h59m24s/data.jsonreader_{"add": 1.0, "mult": 0.2}_append_{"num": 2000}_
I1112 22:59:30.729197 37911 module.py:184] Save data to file 2019-11-12_22h59m24s/data.jsonreader_{"add": 1.0, "mult": 0.2}_append_{"num": 2000}_writer_{"subtract": -1.0, "classifier": "NaiveBayes"}_
I1112 22:59:30.727701 37911 module.py:108] writer received job: 24
I1112 22:59:30.728511 37911 module.py:165] Load data from file 2019-11-12_22h59m24s/data.jsonreader_{"add": 1.0, "mult": 0.2}_append_{"num": 2000}_
I1112 22:59:30.729197 37911 module.py:184] Save data to file 2019-11-12_22h59m24s/data.jsonreader_{"add": 1.0, "mult": 0.2}_append_{"num": 2000}_writer_{"subtract": -1.0, "classifier": "NaiveBayes"}_
I1112 22:59:30.729269 37910 module.py:184] Save data to file 2019-11-12_22h59m24s/data.jsonreader_{"add": 1.5, "mult": 0.6000000000000001}_append_{"num": 1000}_
I1112 22:59:30.729296 37913 pipeline.py:277] Sent job 101 to module writer
I1112 22:59:30.729269 37910 module.py:184] Save data to file 2019-11-12_22h59m24s/data.jsonreader_{"add": 1.5, "mult": 0.6000000000000001}_append_{"num": 1000}_
I1112 22:59:30.735435 37913 pipeline.py:277] Sent job 102 to module writer
I1112 22:59:30.736615 37913 pipeline.py:277] Sent job 103 to module writer
I1112 22:59:30.737206 37913 pipeline.py:277] Sent job 104 to module writer
I1112 22:59:30.738287 37913 pipeline.py:277] Sent job 105 to module writer
I1112 22:59:30.739046 37913 pipeline.py:277] Sent job 106 to module writer
I1112 22:59:30.739851 37913 pipeline.py:225] Job 23 completed.
I1112 22:59:30.752105 37911 module.py:137] writer sent back job: 24
I1112 22:59:30.752105 37911 module.py:137] writer sent back job: 24
I1112 22:59:30.755100 37911 module.py:108] writer received job: 25
I1112 22:59:30.755100 37911 module.py:108] writer received job: 25
I1112 22:59:30.754606 37913 pipeline.py:225] Job 24 completed.
I1112 22:59:30.755736 37911 module.py:165] Load data from file 2019-11-12_22h59m24s/data.jsonreader_{"add": 1.0, "mult": 0.2}_append_{"num": 2000}_
I1112 22:59:30.755736 37911 module.py:165] Load data from file 2019-11-12_22h59m24s/data.jsonreader_{"add": 1.0, "mult": 0.2}_append_{"num": 2000}_
I1112 22:59:30.756444 37911 module.py:184] Save data to file 2019-11-12_22h59m24s/data.jsonreader_{"add": 1.0, "mult": 0.2}_append_{"num": 2000}_writer_{"subtract": -1.0, "classifier": "MLP"}_
I1112 22:59:30.756444 37911 module.py:184] Save data to file 2019-11-12_22h59m24s/data.jsonreader_{"add": 1.0, "mult": 0.2}_append_{"num": 2000}_writer_{"subtract": -1.0, "classifier": "MLP"}_
I1112 22:59:30.759749 37910 module.py:137] append sent back job: 59
I1112 22:59:30.759749 37910 module.py:137] append sent back job: 59
I1112 22:59:30.761629 37913 pipeline.py:277] Sent job 107 to module writer
I1112 22:59:30.762423 37910 module.py:108] append received job: 60
I1112 22:59:30.762515 37913 pipeline.py:277] Sent job 108 to module writer
I1112 22:59:30.762423 37910 module.py:108] append received job: 60
I1112 22:59:30.763178 37910 module.py:165] Load data from file 2019-11-12_22h59m24s/data.jsonreader_{"add": 1.5, "mult": 0.6000000000000001}_
I1112 22:59:30.763258 37913 pipeline.py:277] Sent job 109 to module writer
I1112 22:59:30.763178 37910 module.py:165] Load data from file 2019-11-12_22h59m24s/data.jsonreader_{"add": 1.5, "mult": 0.6000000000000001}_
I1112 22:59:30.764106 37910 module.py:184] Save data to file 2019-11-12_22h59m24s/data.jsonreader_{"add": 1.5, "mult": 0.6000000000000001}_append_{"num": 2000}_
I1112 22:59:30.764060 37913 pipeline.py:277] Sent job 110 to module writer
I1112 22:59:30.764106 37910 module.py:184] Save data to file 2019-11-12_22h59m24s/data.jsonreader_{"add": 1.5, "mult": 0.6000000000000001}_append_{"num": 2000}_
I1112 22:59:30.764887 37913 pipeline.py:277] Sent job 111 to module writer
I1112 22:59:30.765947 37913 pipeline.py:277] Sent job 112 to module writer
I1112 22:59:30.768872 37913 pipeline.py:277] Sent job 113 to module writer
I1112 22:59:30.769742 37913 pipeline.py:277] Sent job 114 to module writer
I1112 22:59:30.786745 37911 module.py:137] writer sent back job: 25
I1112 22:59:30.786745 37911 module.py:137] writer sent back job: 25
I1112 22:59:30.787703 37913 pipeline.py:225] Job 25 completed.
I1112 22:59:30.789840 37911 module.py:108] writer received job: 26
I1112 22:59:30.789840 37911 module.py:108] writer received job: 26
I1112 22:59:30.790767 37911 module.py:165] Load data from file 2019-11-12_22h59m24s/data.jsonreader_{"add": 1.0, "mult": 0.2}_append_{"num": 2000}_
I1112 22:59:30.790767 37911 module.py:165] Load data from file 2019-11-12_22h59m24s/data.jsonreader_{"add": 1.0, "mult": 0.2}_append_{"num": 2000}_
I1112 22:59:30.791855 37911 module.py:184] Save data to file 2019-11-12_22h59m24s/data.jsonreader_{"add": 1.0, "mult": 0.2}_append_{"num": 2000}_writer_{"subtract": -1.0, "classifier": "DT"}_
I1112 22:59:30.791855 37911 module.py:184] Save data to file 2019-11-12_22h59m24s/data.jsonreader_{"add": 1.0, "mult": 0.2}_append_{"num": 2000}_writer_{"subtract": -1.0, "classifier": "DT"}_
I1112 22:59:30.797502 37910 module.py:137] append sent back job: 60
I1112 22:59:30.797502 37910 module.py:137] append sent back job: 60
I1112 22:59:30.798499 37913 pipeline.py:277] Sent job 115 to module writer
I1112 22:59:30.799443 37913 pipeline.py:277] Sent job 116 to module writer
I1112 22:59:30.800034 37913 pipeline.py:277] Sent job 117 to module writer
I1112 22:59:30.800599 37913 pipeline.py:277] Sent job 118 to module writer
I1112 22:59:30.801148 37913 pipeline.py:277] Sent job 119 to module writer
I1112 22:59:30.801697 37913 pipeline.py:277] Sent job 120 to module writer
I1112 22:59:30.802249 37913 pipeline.py:277] Sent job 121 to module writer
I1112 22:59:30.803565 37910 module.py:108] append received job: 61
I1112 22:59:30.803565 37910 module.py:108] append received job: 61
I1112 22:59:30.802864 37913 pipeline.py:277] Sent job 122 to module writer
I1112 22:59:30.804497 37910 module.py:165] Load data from file 2019-11-12_22h59m24s/data.jsonreader_{"add": 2.0, "mult": 0.2}_
I1112 22:59:30.804497 37910 module.py:165] Load data from file 2019-11-12_22h59m24s/data.jsonreader_{"add": 2.0, "mult": 0.2}_
I1112 22:59:30.805493 37910 module.py:184] Save data to file 2019-11-12_22h59m24s/data.jsonreader_{"add": 2.0, "mult": 0.2}_append_{"num": 1000}_
I1112 22:59:30.805493 37910 module.py:184] Save data to file 2019-11-12_22h59m24s/data.jsonreader_{"add": 2.0, "mult": 0.2}_append_{"num": 1000}_
I1112 22:59:30.809746 37911 module.py:137] writer sent back job: 26
I1112 22:59:30.809746 37911 module.py:137] writer sent back job: 26
I1112 22:59:30.813525 37913 pipeline.py:225] Job 26 completed.
I1112 22:59:30.814188 37911 module.py:108] writer received job: 27
I1112 22:59:30.814188 37911 module.py:108] writer received job: 27
I1112 22:59:30.814879 37911 module.py:165] Load data from file 2019-11-12_22h59m24s/data.jsonreader_{"add": 1.0, "mult": 0.2}_append_{"num": 2000}_
I1112 22:59:30.814879 37911 module.py:165] Load data from file 2019-11-12_22h59m24s/data.jsonreader_{"add": 1.0, "mult": 0.2}_append_{"num": 2000}_
I1112 22:59:30.815900 37911 module.py:184] Save data to file 2019-11-12_22h59m24s/data.jsonreader_{"add": 1.0, "mult": 0.2}_append_{"num": 2000}_writer_{"subtract": -1.0, "classifier": "KNN"}_
I1112 22:59:30.815900 37911 module.py:184] Save data to file 2019-11-12_22h59m24s/data.jsonreader_{"add": 1.0, "mult": 0.2}_append_{"num": 2000}_writer_{"subtract": -1.0, "classifier": "KNN"}_
I1112 22:59:30.827481 37910 module.py:137] append sent back job: 61
I1112 22:59:30.827481 37910 module.py:137] append sent back job: 61
I1112 22:59:30.828484 37913 pipeline.py:277] Sent job 123 to module writer
I1112 22:59:30.829757 37913 pipeline.py:277] Sent job 124 to module writer
I1112 22:59:30.830718 37913 pipeline.py:277] Sent job 125 to module writer
I1112 22:59:30.831896 37913 pipeline.py:277] Sent job 126 to module writer
I1112 22:59:30.833111 37913 pipeline.py:277] Sent job 127 to module writer
I1112 22:59:30.832179 37911 module.py:137] writer sent back job: 27
I1112 22:59:30.832179 37911 module.py:137] writer sent back job: 27
I1112 22:59:30.834146 37913 pipeline.py:277] Sent job 128 to module writer
I1112 22:59:30.835086 37913 pipeline.py:277] Sent job 129 to module writer
I1112 22:59:30.835736 37913 pipeline.py:277] Sent job 130 to module writer
I1112 22:59:30.836555 37913 pipeline.py:225] Job 27 completed.
I1112 22:59:30.836810 37911 module.py:108] writer received job: 28
I1112 22:59:30.838555 37911 module.py:165] Load data from file 2019-11-12_22h59m24s/data.jsonreader_{"add": 1.0, "mult": 0.2}_append_{"num": 2000}_
I1112 22:59:30.836810 37911 module.py:108] writer received job: 28
I1112 22:59:30.838555 37911 module.py:165] Load data from file 2019-11-12_22h59m24s/data.jsonreader_{"add": 1.0, "mult": 0.2}_append_{"num": 2000}_
I1112 22:59:30.839420 37911 module.py:184] Save data to file 2019-11-12_22h59m24s/data.jsonreader_{"add": 1.0, "mult": 0.2}_append_{"num": 2000}_writer_{"subtract": -1.0, "classifier": "RandomForest"}_
I1112 22:59:30.839420 37911 module.py:184] Save data to file 2019-11-12_22h59m24s/data.jsonreader_{"add": 1.0, "mult": 0.2}_append_{"num": 2000}_writer_{"subtract": -1.0, "classifier": "RandomForest"}_
I1112 22:59:30.838248 37910 module.py:108] append received job: 62
I1112 22:59:30.840683 37910 module.py:165] Load data from file 2019-11-12_22h59m24s/data.jsonreader_{"add": 2.0, "mult": 0.2}_
I1112 22:59:30.838248 37910 module.py:108] append received job: 62
I1112 22:59:30.840683 37910 module.py:165] Load data from file 2019-11-12_22h59m24s/data.jsonreader_{"add": 2.0, "mult": 0.2}_
I1112 22:59:30.841712 37910 module.py:184] Save data to file 2019-11-12_22h59m24s/data.jsonreader_{"add": 2.0, "mult": 0.2}_append_{"num": 2000}_
I1112 22:59:30.841712 37910 module.py:184] Save data to file 2019-11-12_22h59m24s/data.jsonreader_{"add": 2.0, "mult": 0.2}_append_{"num": 2000}_
I1112 22:59:30.852010 37910 module.py:137] append sent back job: 62
I1112 22:59:30.852010 37910 module.py:137] append sent back job: 62
I1112 22:59:30.852081 37911 module.py:137] writer sent back job: 28
I1112 22:59:30.852081 37911 module.py:137] writer sent back job: 28
I1112 22:59:30.856775 37910 module.py:108] append received job: 71
I1112 22:59:30.856653 37911 module.py:108] writer received job: 29
I1112 22:59:30.857611 37910 module.py:165] Load data from file 2019-11-12_22h59m24s/data.jsonreader_{"add": 2.0, "mult": 0.4}_
I1112 22:59:30.857887 37911 module.py:165] Load data from file 2019-11-12_22h59m24s/data.jsonreader_{"add": 1.0, "mult": 0.2}_append_{"num": 2000}_
I1112 22:59:30.856775 37910 module.py:108] append received job: 71
I1112 22:59:30.857611 37910 module.py:165] Load data from file 2019-11-12_22h59m24s/data.jsonreader_{"add": 2.0, "mult": 0.4}_
I1112 22:59:30.858412 37910 module.py:184] Save data to file 2019-11-12_22h59m24s/data.jsonreader_{"add": 2.0, "mult": 0.4}_append_{"num": 1000}_
I1112 22:59:30.859042 37911 module.py:184] Save data to file 2019-11-12_22h59m24s/data.jsonreader_{"add": 1.0, "mult": 0.2}_append_{"num": 2000}_writer_{"subtract": -1.0, "classifier": "Adaboost"}_
I1112 22:59:30.856653 37911 module.py:108] writer received job: 29
I1112 22:59:30.857887 37911 module.py:165] Load data from file 2019-11-12_22h59m24s/data.jsonreader_{"add": 1.0, "mult": 0.2}_append_{"num": 2000}_
I1112 22:59:30.859042 37911 module.py:184] Save data to file 2019-11-12_22h59m24s/data.jsonreader_{"add": 1.0, "mult": 0.2}_append_{"num": 2000}_writer_{"subtract": -1.0, "classifier": "Adaboost"}_
I1112 22:59:30.858412 37910 module.py:184] Save data to file 2019-11-12_22h59m24s/data.jsonreader_{"add": 2.0, "mult": 0.4}_append_{"num": 1000}_
I1112 22:59:30.854868 37913 pipeline.py:277] Sent job 131 to module writer
I1112 22:59:30.855711 37913 pipeline.py:277] Sent job 132 to module writer
I1112 22:59:30.856370 37913 pipeline.py:277] Sent job 133 to module writer
I1112 22:59:30.856961 37913 pipeline.py:277] Sent job 134 to module writer
I1112 22:59:30.857646 37913 pipeline.py:277] Sent job 135 to module writer
I1112 22:59:30.858269 37913 pipeline.py:277] Sent job 136 to module writer
I1112 22:59:30.858824 37913 pipeline.py:277] Sent job 137 to module writer
I1112 22:59:30.859415 37913 pipeline.py:277] Sent job 138 to module writer
I1112 22:59:30.859930 37913 pipeline.py:225] Job 28 completed.
I1112 22:59:30.875416 37911 module.py:137] writer sent back job: 29
I1112 22:59:30.876290 37913 pipeline.py:225] Job 29 completed.
I1112 22:59:30.875416 37911 module.py:137] writer sent back job: 29
I1112 22:59:30.878544 37911 module.py:108] writer received job: 30
I1112 22:59:30.877130 37910 module.py:137] append sent back job: 71
I1112 22:59:30.877130 37910 module.py:137] append sent back job: 71
I1112 22:59:30.879822 37913 pipeline.py:277] Sent job 139 to module writer
I1112 22:59:30.880702 37913 pipeline.py:277] Sent job 140 to module writer
I1112 22:59:30.881472 37913 pipeline.py:277] Sent job 141 to module writer
I1112 22:59:30.882071 37913 pipeline.py:277] Sent job 142 to module writer
I1112 22:59:30.882814 37913 pipeline.py:277] Sent job 143 to module writer
I1112 22:59:30.883392 37913 pipeline.py:277] Sent job 144 to module writer
I1112 22:59:30.883980 37913 pipeline.py:277] Sent job 145 to module writer
I1112 22:59:30.878544 37911 module.py:108] writer received job: 30
I1112 22:59:30.880758 37911 module.py:165] Load data from file 2019-11-12_22h59m24s/data.jsonreader_{"add": 1.0, "mult": 0.2}_append_{"num": 2000}_
I1112 22:59:30.881469 37911 module.py:184] Save data to file 2019-11-12_22h59m24s/data.jsonreader_{"add": 1.0, "mult": 0.2}_append_{"num": 2000}_writer_{"subtract": -1.0, "classifier": "GradientBoost"}_
I1112 22:59:30.880758 37911 module.py:165] Load data from file 2019-11-12_22h59m24s/data.jsonreader_{"add": 1.0, "mult": 0.2}_append_{"num": 2000}_
I1112 22:59:30.881469 37911 module.py:184] Save data to file 2019-11-12_22h59m24s/data.jsonreader_{"add": 1.0, "mult": 0.2}_append_{"num": 2000}_writer_{"subtract": -1.0, "classifier": "GradientBoost"}_
