I1112 22:58:24.052767 37489 pipeline.py:38] Loading configuration file
I1112 22:58:24.053586 37489 pipeline.py:39] {
    "pipeline": {
        "name": "text_classifier", 
        "rabbitmq_host": "127.0.0.1", 
        "use_mongodb": false, 
        "clean_up": false, 
        "mode": "local", 
        "mongodb_host": "127.0.0.1"
    }, 
    "modules": [
        {
            "processes": 1, 
            "name": "reader", 
            "input_file": "data.json", 
            "instances": 1, 
            "params": [
                {
                    "start": 0.2, 
                    "step_size": 0.2, 
                    "end": 0.6, 
                    "type": "float", 
                    "name": "mult"
                }, 
                {
                    "start": 1.0, 
                    "step_size": 0.5, 
                    "end": 2.0, 
                    "type": "float", 
                    "name": "add"
                }
            ], 
            "output_module": "append", 
            "type": "Reader"
        }, 
        {
            "instances": 1, 
            "output_module": "writer", 
            "type": "Append", 
            "name": "append", 
            "params": [
                {
                    "values": [
                        1000, 
                        2000
                    ], 
                    "type": "collection", 
                    "name": "num"
                }
            ]
        }, 
        {
            "name": "writer", 
            "script": "src/writer.py", 
            "output_file": "./results-classifier.csv", 
            "instances": 1, 
            "params": [
                {
                    "start": -1.0, 
                    "step_size": 2.0, 
                    "end": 0.0, 
                    "type": "float", 
                    "name": "subtract"
                }, 
                {
                    "values": [
                        "SVM", 
                        "NaiveBayes", 
                        "MLP", 
                        "DT", 
                        "KNN", 
                        "RandomForest", 
                        "Adaboost", 
                        "GradientBoost"
                    ], 
                    "type": "collection", 
                    "name": "classifier"
                }
            ], 
            "type": "Writer"
        }
    ]
}
I1112 22:58:24.054729 37489 pipeline.py:59] Module list: {u'writer': {u'name': u'writer', u'script': u'src/writer.py', u'output_file': u'./results-classifier.csv', u'instances': 1, u'params': [{u'start': -1.0, u'step_size': 2.0, u'end': 0.0, u'type': u'float', u'name': u'subtract'}, {u'values': [u'SVM', u'NaiveBayes', u'MLP', u'DT', u'KNN', u'RandomForest', u'Adaboost', u'GradientBoost'], u'type': u'collection', u'name': u'classifier'}], u'type': u'Writer'}, u'append': {u'instances': 1, u'output_module': u'writer', u'type': u'Append', u'name': u'append', u'params': [{u'values': [1000, 2000], u'type': u'collection', u'name': u'num'}]}, u'reader': {u'processes': 1, u'name': u'reader', u'input_file': u'data.json', u'instances': 1, u'params': [{u'start': 0.2, u'step_size': 0.2, u'end': 0.6, u'type': u'float', u'name': u'mult'}, {u'start': 1.0, u'step_size': 0.5, u'end': 2.0, u'type': u'float', u'name': u'add'}], u'output_module': u'append', u'type': u'Reader'}}
I1112 22:58:24.055188 37489 pipeline.py:63] Total jobs: 243
I1112 22:58:24.084578 37488 module.py:224] Module logger started, awaiting for requests.
I1112 22:58:24.094844 37486 module.py:224] Module append started, awaiting for requests.
I1112 22:58:24.094844 37486 module.py:224] Module append started, awaiting for requests.
I1112 22:58:24.101135 37487 module.py:224] Module writer started, awaiting for requests.
I1112 22:58:24.101135 37487 module.py:224] Module writer started, awaiting for requests.
I1112 22:58:24.101876 37489 pipeline.py:277] Sent job 0 to module reader
I1112 22:58:24.102560 37489 pipeline.py:277] Sent job 1 to module reader
I1112 22:58:24.103163 37489 pipeline.py:277] Sent job 2 to module reader
I1112 22:58:24.103792 37489 pipeline.py:277] Sent job 3 to module reader
I1112 22:58:24.104490 37489 pipeline.py:277] Sent job 4 to module reader
I1112 22:58:24.105094 37489 pipeline.py:277] Sent job 5 to module reader
I1112 22:58:24.106210 37489 pipeline.py:277] Sent job 6 to module reader
I1112 22:58:24.107350 37485 module.py:224] Module reader started, awaiting for requests.
I1112 22:58:24.107424 37489 pipeline.py:277] Sent job 7 to module reader
I1112 22:58:24.107350 37485 module.py:224] Module reader started, awaiting for requests.
I1112 22:58:24.108520 37489 pipeline.py:277] Sent job 8 to module reader
I1112 22:58:24.109854 37485 module.py:108] reader received job: 0
I1112 22:58:24.109854 37485 module.py:108] reader received job: 0
I1112 22:58:24.111377 37485 module.py:165] Load data from file 2019-11-12_22h58m18s/data.json
I1112 22:58:24.111377 37485 module.py:165] Load data from file 2019-11-12_22h58m18s/data.json
I1112 22:58:24.113516 37485 module.py:184] Save data to file 2019-11-12_22h58m18s/data.jsonreader_{"add": 1.0, "mult": 0.2}_
I1112 22:58:24.113516 37485 module.py:184] Save data to file 2019-11-12_22h58m18s/data.jsonreader_{"add": 1.0, "mult": 0.2}_
I1112 22:58:24.123266 37485 module.py:137] reader sent back job: 0
I1112 22:58:24.123266 37485 module.py:137] reader sent back job: 0
I1112 22:58:24.126104 37485 module.py:108] reader received job: 1
I1112 22:58:24.124933 37489 pipeline.py:277] Sent job 9 to module append
I1112 22:58:24.125715 37489 pipeline.py:277] Sent job 10 to module append
I1112 22:58:24.126724 37485 module.py:165] Load data from file 2019-11-12_22h58m18s/data.json
I1112 22:58:24.126104 37485 module.py:108] reader received job: 1
I1112 22:58:24.126724 37485 module.py:165] Load data from file 2019-11-12_22h58m18s/data.json
I1112 22:58:24.128422 37485 module.py:184] Save data to file 2019-11-12_22h58m18s/data.jsonreader_{"add": 1.0, "mult": 0.4}_
I1112 22:58:24.128916 37486 module.py:108] append received job: 9
I1112 22:58:24.128422 37485 module.py:184] Save data to file 2019-11-12_22h58m18s/data.jsonreader_{"add": 1.0, "mult": 0.4}_
I1112 22:58:24.128916 37486 module.py:108] append received job: 9
I1112 22:58:24.130719 37486 module.py:165] Load data from file 2019-11-12_22h58m18s/data.jsonreader_{"add": 1.0, "mult": 0.2}_
I1112 22:58:24.130719 37486 module.py:165] Load data from file 2019-11-12_22h58m18s/data.jsonreader_{"add": 1.0, "mult": 0.2}_
I1112 22:58:24.131983 37486 module.py:184] Save data to file 2019-11-12_22h58m18s/data.jsonreader_{"add": 1.0, "mult": 0.2}_append_{"num": 1000}_
I1112 22:58:24.131983 37486 module.py:184] Save data to file 2019-11-12_22h58m18s/data.jsonreader_{"add": 1.0, "mult": 0.2}_append_{"num": 1000}_
I1112 22:58:24.144272 37486 module.py:137] append sent back job: 9
I1112 22:58:24.144272 37486 module.py:137] append sent back job: 9
I1112 22:58:24.146625 37486 module.py:108] append received job: 10
I1112 22:58:24.146625 37486 module.py:108] append received job: 10
I1112 22:58:24.146225 37489 pipeline.py:277] Sent job 11 to module writer
I1112 22:58:24.146856 37489 pipeline.py:277] Sent job 12 to module writer
I1112 22:58:24.147413 37489 pipeline.py:277] Sent job 13 to module writer
I1112 22:58:24.147732 37486 module.py:165] Load data from file 2019-11-12_22h58m18s/data.jsonreader_{"add": 1.0, "mult": 0.2}_
I1112 22:58:24.147732 37486 module.py:165] Load data from file 2019-11-12_22h58m18s/data.jsonreader_{"add": 1.0, "mult": 0.2}_
I1112 22:58:24.148065 37489 pipeline.py:277] Sent job 14 to module writer
I1112 22:58:24.148487 37486 module.py:184] Save data to file 2019-11-12_22h58m18s/data.jsonreader_{"add": 1.0, "mult": 0.2}_append_{"num": 2000}_
I1112 22:58:24.148643 37489 pipeline.py:277] Sent job 15 to module writer
I1112 22:58:24.148487 37486 module.py:184] Save data to file 2019-11-12_22h58m18s/data.jsonreader_{"add": 1.0, "mult": 0.2}_append_{"num": 2000}_
I1112 22:58:24.149274 37489 pipeline.py:277] Sent job 16 to module writer
I1112 22:58:24.151222 37487 module.py:108] writer received job: 11
I1112 22:58:24.151842 37487 module.py:165] Load data from file 2019-11-12_22h58m18s/data.jsonreader_{"add": 1.0, "mult": 0.2}_append_{"num": 1000}_
I1112 22:58:24.150013 37489 pipeline.py:277] Sent job 17 to module writer
I1112 22:58:24.150722 37489 pipeline.py:277] Sent job 18 to module writer
I1112 22:58:24.151222 37487 module.py:108] writer received job: 11
I1112 22:58:24.151842 37487 module.py:165] Load data from file 2019-11-12_22h58m18s/data.jsonreader_{"add": 1.0, "mult": 0.2}_append_{"num": 1000}_
I1112 22:58:24.152647 37487 module.py:184] Save data to file 2019-11-12_22h58m18s/data.jsonreader_{"add": 1.0, "mult": 0.2}_append_{"num": 1000}_writer_{"subtract": -1.0, "classifier": "SVM"}_
I1112 22:58:24.152647 37487 module.py:184] Save data to file 2019-11-12_22h58m18s/data.jsonreader_{"add": 1.0, "mult": 0.2}_append_{"num": 1000}_writer_{"subtract": -1.0, "classifier": "SVM"}_
I1112 22:58:24.153785 37485 module.py:137] reader sent back job: 1
I1112 22:58:24.153785 37485 module.py:137] reader sent back job: 1
I1112 22:58:24.155014 37489 pipeline.py:277] Sent job 19 to module append
I1112 22:58:24.155694 37489 pipeline.py:277] Sent job 20 to module append
I1112 22:58:24.156044 37485 module.py:108] reader received job: 2
I1112 22:58:24.156044 37485 module.py:108] reader received job: 2
I1112 22:58:24.156997 37485 module.py:165] Load data from file 2019-11-12_22h58m18s/data.json
I1112 22:58:24.156997 37485 module.py:165] Load data from file 2019-11-12_22h58m18s/data.json
I1112 22:58:24.158150 37485 module.py:184] Save data to file 2019-11-12_22h58m18s/data.jsonreader_{"add": 1.0, "mult": 0.6000000000000001}_
I1112 22:58:24.158150 37485 module.py:184] Save data to file 2019-11-12_22h58m18s/data.jsonreader_{"add": 1.0, "mult": 0.6000000000000001}_
I1112 22:58:24.167519 37486 module.py:137] append sent back job: 10
I1112 22:58:24.167519 37486 module.py:137] append sent back job: 10
I1112 22:58:24.170195 37486 module.py:108] append received job: 19
I1112 22:58:24.170799 37486 module.py:165] Load data from file 2019-11-12_22h58m18s/data.jsonreader_{"add": 1.0, "mult": 0.4}_
I1112 22:58:24.171786 37486 module.py:184] Save data to file 2019-11-12_22h58m18s/data.jsonreader_{"add": 1.0, "mult": 0.4}_append_{"num": 1000}_
I1112 22:58:24.170195 37486 module.py:108] append received job: 19
I1112 22:58:24.170799 37486 module.py:165] Load data from file 2019-11-12_22h58m18s/data.jsonreader_{"add": 1.0, "mult": 0.4}_
I1112 22:58:24.171786 37486 module.py:184] Save data to file 2019-11-12_22h58m18s/data.jsonreader_{"add": 1.0, "mult": 0.4}_append_{"num": 1000}_
I1112 22:58:24.170564 37489 pipeline.py:277] Sent job 21 to module writer
I1112 22:58:24.171164 37489 pipeline.py:277] Sent job 22 to module writer
I1112 22:58:24.171843 37489 pipeline.py:277] Sent job 23 to module writer
I1112 22:58:24.172732 37489 pipeline.py:277] Sent job 24 to module writer
I1112 22:58:24.174026 37489 pipeline.py:277] Sent job 25 to module writer
I1112 22:58:24.174969 37489 pipeline.py:277] Sent job 26 to module writer
I1112 22:58:24.175735 37489 pipeline.py:277] Sent job 27 to module writer
I1112 22:58:24.176907 37489 pipeline.py:277] Sent job 28 to module writer
I1112 22:58:24.171164 37487 module.py:137] writer sent back job: 11
I1112 22:58:24.171164 37487 module.py:137] writer sent back job: 11
I1112 22:58:24.179245 37489 pipeline.py:225] Job 11 completed.
I1112 22:58:24.180522 37487 module.py:108] writer received job: 12
I1112 22:58:24.180522 37487 module.py:108] writer received job: 12
I1112 22:58:24.181343 37487 module.py:165] Load data from file 2019-11-12_22h58m18s/data.jsonreader_{"add": 1.0, "mult": 0.2}_append_{"num": 1000}_
I1112 22:58:24.181343 37487 module.py:165] Load data from file 2019-11-12_22h58m18s/data.jsonreader_{"add": 1.0, "mult": 0.2}_append_{"num": 1000}_
I1112 22:58:24.182497 37487 module.py:184] Save data to file 2019-11-12_22h58m18s/data.jsonreader_{"add": 1.0, "mult": 0.2}_append_{"num": 1000}_writer_{"subtract": -1.0, "classifier": "NaiveBayes"}_
I1112 22:58:24.182497 37487 module.py:184] Save data to file 2019-11-12_22h58m18s/data.jsonreader_{"add": 1.0, "mult": 0.2}_append_{"num": 1000}_writer_{"subtract": -1.0, "classifier": "NaiveBayes"}_
I1112 22:58:24.185269 37485 module.py:137] reader sent back job: 2
I1112 22:58:24.185269 37485 module.py:137] reader sent back job: 2
I1112 22:58:24.188560 37485 module.py:108] reader received job: 3
I1112 22:58:24.189714 37485 module.py:165] Load data from file 2019-11-12_22h58m18s/data.json
I1112 22:58:24.188381 37489 pipeline.py:277] Sent job 29 to module append
I1112 22:58:24.190062 37489 pipeline.py:277] Sent job 30 to module append
I1112 22:58:24.191210 37485 module.py:184] Save data to file 2019-11-12_22h58m18s/data.jsonreader_{"add": 1.5, "mult": 0.2}_
I1112 22:58:24.188560 37485 module.py:108] reader received job: 3
I1112 22:58:24.189714 37485 module.py:165] Load data from file 2019-11-12_22h58m18s/data.json
I1112 22:58:24.191210 37485 module.py:184] Save data to file 2019-11-12_22h58m18s/data.jsonreader_{"add": 1.5, "mult": 0.2}_
I1112 22:58:24.193327 37486 module.py:137] append sent back job: 19
I1112 22:58:24.193327 37486 module.py:137] append sent back job: 19
I1112 22:58:24.198586 37489 pipeline.py:277] Sent job 31 to module writer
I1112 22:58:24.199703 37489 pipeline.py:277] Sent job 32 to module writer
I1112 22:58:24.200335 37489 pipeline.py:277] Sent job 33 to module writer
I1112 22:58:24.201075 37489 pipeline.py:277] Sent job 34 to module writer
I1112 22:58:24.201798 37489 pipeline.py:277] Sent job 35 to module writer
I1112 22:58:24.202394 37489 pipeline.py:277] Sent job 36 to module writer
I1112 22:58:24.202961 37489 pipeline.py:277] Sent job 37 to module writer
I1112 22:58:24.204061 37489 pipeline.py:277] Sent job 38 to module writer
I1112 22:58:24.204252 37486 module.py:108] append received job: 20
I1112 22:58:24.208115 37486 module.py:165] Load data from file 2019-11-12_22h58m18s/data.jsonreader_{"add": 1.0, "mult": 0.4}_
I1112 22:58:24.208843 37486 module.py:184] Save data to file 2019-11-12_22h58m18s/data.jsonreader_{"add": 1.0, "mult": 0.4}_append_{"num": 2000}_
I1112 22:58:24.204252 37486 module.py:108] append received job: 20
I1112 22:58:24.208115 37486 module.py:165] Load data from file 2019-11-12_22h58m18s/data.jsonreader_{"add": 1.0, "mult": 0.4}_
I1112 22:58:24.208843 37486 module.py:184] Save data to file 2019-11-12_22h58m18s/data.jsonreader_{"add": 1.0, "mult": 0.4}_append_{"num": 2000}_
I1112 22:58:24.217088 37487 module.py:137] writer sent back job: 12
I1112 22:58:24.217088 37487 module.py:137] writer sent back job: 12
I1112 22:58:24.218957 37487 module.py:108] writer received job: 13
I1112 22:58:24.218957 37487 module.py:108] writer received job: 13
I1112 22:58:24.219578 37487 module.py:165] Load data from file 2019-11-12_22h58m18s/data.jsonreader_{"add": 1.0, "mult": 0.2}_append_{"num": 1000}_
I1112 22:58:24.219578 37487 module.py:165] Load data from file 2019-11-12_22h58m18s/data.jsonreader_{"add": 1.0, "mult": 0.2}_append_{"num": 1000}_
I1112 22:58:24.218920 37489 pipeline.py:225] Job 12 completed.
I1112 22:58:24.220354 37487 module.py:184] Save data to file 2019-11-12_22h58m18s/data.jsonreader_{"add": 1.0, "mult": 0.2}_append_{"num": 1000}_writer_{"subtract": -1.0, "classifier": "MLP"}_
I1112 22:58:24.220354 37487 module.py:184] Save data to file 2019-11-12_22h58m18s/data.jsonreader_{"add": 1.0, "mult": 0.2}_append_{"num": 1000}_writer_{"subtract": -1.0, "classifier": "MLP"}_
I1112 22:58:24.232698 37489 pipeline.py:277] Sent job 39 to module append
I1112 22:58:24.231138 37485 module.py:137] reader sent back job: 3
I1112 22:58:24.233534 37489 pipeline.py:277] Sent job 40 to module append
I1112 22:58:24.231138 37485 module.py:137] reader sent back job: 3
I1112 22:58:24.234071 37486 module.py:137] append sent back job: 20
I1112 22:58:24.234071 37486 module.py:137] append sent back job: 20
I1112 22:58:24.236901 37486 module.py:108] append received job: 29
I1112 22:58:24.237739 37486 module.py:165] Load data from file 2019-11-12_22h58m18s/data.jsonreader_{"add": 1.0, "mult": 0.6000000000000001}_
I1112 22:58:24.236901 37486 module.py:108] append received job: 29
I1112 22:58:24.237739 37486 module.py:165] Load data from file 2019-11-12_22h58m18s/data.jsonreader_{"add": 1.0, "mult": 0.6000000000000001}_
I1112 22:58:24.239135 37486 module.py:184] Save data to file 2019-11-12_22h58m18s/data.jsonreader_{"add": 1.0, "mult": 0.6000000000000001}_append_{"num": 1000}_
I1112 22:58:24.239135 37486 module.py:184] Save data to file 2019-11-12_22h58m18s/data.jsonreader_{"add": 1.0, "mult": 0.6000000000000001}_append_{"num": 1000}_
I1112 22:58:24.240885 37487 module.py:137] writer sent back job: 13
I1112 22:58:24.240885 37487 module.py:137] writer sent back job: 13
I1112 22:58:24.236726 37489 pipeline.py:277] Sent job 41 to module writer
I1112 22:58:24.243432 37487 module.py:108] writer received job: 14
I1112 22:58:24.243432 37487 module.py:108] writer received job: 14
I1112 22:58:24.244122 37489 pipeline.py:277] Sent job 42 to module writer
I1112 22:58:24.245140 37487 module.py:165] Load data from file 2019-11-12_22h58m18s/data.jsonreader_{"add": 1.0, "mult": 0.2}_append_{"num": 1000}_
I1112 22:58:24.245140 37487 module.py:165] Load data from file 2019-11-12_22h58m18s/data.jsonreader_{"add": 1.0, "mult": 0.2}_append_{"num": 1000}_
I1112 22:58:24.246757 37487 module.py:184] Save data to file 2019-11-12_22h58m18s/data.jsonreader_{"add": 1.0, "mult": 0.2}_append_{"num": 1000}_writer_{"subtract": -1.0, "classifier": "DT"}_
I1112 22:58:24.246757 37487 module.py:184] Save data to file 2019-11-12_22h58m18s/data.jsonreader_{"add": 1.0, "mult": 0.2}_append_{"num": 1000}_writer_{"subtract": -1.0, "classifier": "DT"}_
I1112 22:58:24.247514 37489 pipeline.py:277] Sent job 43 to module writer
I1112 22:58:24.248682 37489 pipeline.py:277] Sent job 44 to module writer
I1112 22:58:24.249342 37489 pipeline.py:277] Sent job 45 to module writer
I1112 22:58:24.249969 37489 pipeline.py:277] Sent job 46 to module writer
I1112 22:58:24.250551 37489 pipeline.py:277] Sent job 47 to module writer
I1112 22:58:24.251179 37489 pipeline.py:277] Sent job 48 to module writer
I1112 22:58:24.251753 37489 pipeline.py:225] Job 13 completed.
I1112 22:58:24.253307 37485 module.py:108] reader received job: 4
I1112 22:58:24.253307 37485 module.py:108] reader received job: 4
I1112 22:58:24.255816 37485 module.py:165] Load data from file 2019-11-12_22h58m18s/data.json
I1112 22:58:24.255816 37485 module.py:165] Load data from file 2019-11-12_22h58m18s/data.json
I1112 22:58:24.256757 37485 module.py:184] Save data to file 2019-11-12_22h58m18s/data.jsonreader_{"add": 1.5, "mult": 0.4}_
I1112 22:58:24.256757 37485 module.py:184] Save data to file 2019-11-12_22h58m18s/data.jsonreader_{"add": 1.5, "mult": 0.4}_
I1112 22:58:24.276700 37487 module.py:137] writer sent back job: 14
I1112 22:58:24.276700 37487 module.py:137] writer sent back job: 14
I1112 22:58:24.273128 37486 module.py:137] append sent back job: 29
I1112 22:58:24.278079 37486 module.py:108] append received job: 30
I1112 22:58:24.278961 37486 module.py:165] Load data from file 2019-11-12_22h58m18s/data.jsonreader_{"add": 1.0, "mult": 0.6000000000000001}_
I1112 22:58:24.278861 37487 module.py:108] writer received job: 15
I1112 22:58:24.278861 37487 module.py:108] writer received job: 15
I1112 22:58:24.279604 37487 module.py:165] Load data from file 2019-11-12_22h58m18s/data.jsonreader_{"add": 1.0, "mult": 0.2}_append_{"num": 1000}_
I1112 22:58:24.279604 37487 module.py:165] Load data from file 2019-11-12_22h58m18s/data.jsonreader_{"add": 1.0, "mult": 0.2}_append_{"num": 1000}_
I1112 22:58:24.280378 37487 module.py:184] Save data to file 2019-11-12_22h58m18s/data.jsonreader_{"add": 1.0, "mult": 0.2}_append_{"num": 1000}_writer_{"subtract": -1.0, "classifier": "KNN"}_
I1112 22:58:24.280378 37487 module.py:184] Save data to file 2019-11-12_22h58m18s/data.jsonreader_{"add": 1.0, "mult": 0.2}_append_{"num": 1000}_writer_{"subtract": -1.0, "classifier": "KNN"}_
I1112 22:58:24.280987 37489 pipeline.py:277] Sent job 49 to module writer
I1112 22:58:24.273128 37486 module.py:137] append sent back job: 29
I1112 22:58:24.278079 37486 module.py:108] append received job: 30
I1112 22:58:24.278961 37486 module.py:165] Load data from file 2019-11-12_22h58m18s/data.jsonreader_{"add": 1.0, "mult": 0.6000000000000001}_
I1112 22:58:24.284053 37489 pipeline.py:277] Sent job 50 to module writer
I1112 22:58:24.283427 37486 module.py:184] Save data to file 2019-11-12_22h58m18s/data.jsonreader_{"add": 1.0, "mult": 0.6000000000000001}_append_{"num": 2000}_
I1112 22:58:24.283427 37486 module.py:184] Save data to file 2019-11-12_22h58m18s/data.jsonreader_{"add": 1.0, "mult": 0.6000000000000001}_append_{"num": 2000}_
I1112 22:58:24.286618 37489 pipeline.py:277] Sent job 51 to module writer
I1112 22:58:24.287578 37489 pipeline.py:277] Sent job 52 to module writer
I1112 22:58:24.289427 37489 pipeline.py:277] Sent job 53 to module writer
I1112 22:58:24.289997 37489 pipeline.py:277] Sent job 54 to module writer
I1112 22:58:24.290534 37489 pipeline.py:277] Sent job 55 to module writer
I1112 22:58:24.291114 37489 pipeline.py:277] Sent job 56 to module writer
I1112 22:58:24.291822 37489 pipeline.py:225] Job 14 completed.
I1112 22:58:24.298294 37485 module.py:137] reader sent back job: 4
I1112 22:58:24.298294 37485 module.py:137] reader sent back job: 4
I1112 22:58:24.301597 37485 module.py:108] reader received job: 5
I1112 22:58:24.301624 37489 pipeline.py:277] Sent job 57 to module append
I1112 22:58:24.301597 37485 module.py:108] reader received job: 5
I1112 22:58:24.302417 37485 module.py:165] Load data from file 2019-11-12_22h58m18s/data.json
I1112 22:58:24.302443 37489 pipeline.py:277] Sent job 58 to module append
I1112 22:58:24.302417 37485 module.py:165] Load data from file 2019-11-12_22h58m18s/data.json
I1112 22:58:24.303277 37485 module.py:184] Save data to file 2019-11-12_22h58m18s/data.jsonreader_{"add": 1.5, "mult": 0.6000000000000001}_
I1112 22:58:24.303277 37485 module.py:184] Save data to file 2019-11-12_22h58m18s/data.jsonreader_{"add": 1.5, "mult": 0.6000000000000001}_
I1112 22:58:24.316020 37486 module.py:137] append sent back job: 30
I1112 22:58:24.316359 37487 module.py:137] writer sent back job: 15
I1112 22:58:24.316359 37487 module.py:137] writer sent back job: 15
I1112 22:58:24.316020 37486 module.py:137] append sent back job: 30
I1112 22:58:24.318504 37487 module.py:108] writer received job: 16
I1112 22:58:24.318504 37487 module.py:108] writer received job: 16
I1112 22:58:24.319856 37487 module.py:165] Load data from file 2019-11-12_22h58m18s/data.jsonreader_{"add": 1.0, "mult": 0.2}_append_{"num": 1000}_
I1112 22:58:24.319856 37487 module.py:165] Load data from file 2019-11-12_22h58m18s/data.jsonreader_{"add": 1.0, "mult": 0.2}_append_{"num": 1000}_
I1112 22:58:24.320938 37487 module.py:184] Save data to file 2019-11-12_22h58m18s/data.jsonreader_{"add": 1.0, "mult": 0.2}_append_{"num": 1000}_writer_{"subtract": -1.0, "classifier": "RandomForest"}_
I1112 22:58:24.320938 37487 module.py:184] Save data to file 2019-11-12_22h58m18s/data.jsonreader_{"add": 1.0, "mult": 0.2}_append_{"num": 1000}_writer_{"subtract": -1.0, "classifier": "RandomForest"}_
I1112 22:58:24.318820 37489 pipeline.py:277] Sent job 59 to module writer
I1112 22:58:24.321346 37489 pipeline.py:277] Sent job 60 to module writer
I1112 22:58:24.321963 37489 pipeline.py:277] Sent job 61 to module writer
I1112 22:58:24.322737 37489 pipeline.py:277] Sent job 62 to module writer
I1112 22:58:24.323681 37486 module.py:108] append received job: 39
I1112 22:58:24.323681 37486 module.py:108] append received job: 39
I1112 22:58:24.324671 37486 module.py:165] Load data from file 2019-11-12_22h58m18s/data.jsonreader_{"add": 1.5, "mult": 0.2}_
I1112 22:58:24.324671 37486 module.py:165] Load data from file 2019-11-12_22h58m18s/data.jsonreader_{"add": 1.5, "mult": 0.2}_
I1112 22:58:24.326004 37486 module.py:184] Save data to file 2019-11-12_22h58m18s/data.jsonreader_{"add": 1.5, "mult": 0.2}_append_{"num": 1000}_
I1112 22:58:24.326004 37486 module.py:184] Save data to file 2019-11-12_22h58m18s/data.jsonreader_{"add": 1.5, "mult": 0.2}_append_{"num": 1000}_
I1112 22:58:24.326288 37489 pipeline.py:277] Sent job 63 to module writer
I1112 22:58:24.327173 37489 pipeline.py:277] Sent job 64 to module writer
I1112 22:58:24.328490 37489 pipeline.py:277] Sent job 65 to module writer
I1112 22:58:24.330086 37489 pipeline.py:277] Sent job 66 to module writer
I1112 22:58:24.331604 37489 pipeline.py:225] Job 15 completed.
I1112 22:58:24.337196 37485 module.py:137] reader sent back job: 5
I1112 22:58:24.337196 37485 module.py:137] reader sent back job: 5
I1112 22:58:24.343027 37489 pipeline.py:277] Sent job 67 to module append
I1112 22:58:24.344667 37489 pipeline.py:277] Sent job 68 to module append
I1112 22:58:24.347270 37485 module.py:108] reader received job: 6
I1112 22:58:24.348037 37485 module.py:165] Load data from file 2019-11-12_22h58m18s/data.json
I1112 22:58:24.349165 37485 module.py:184] Save data to file 2019-11-12_22h58m18s/data.jsonreader_{"add": 2.0, "mult": 0.2}_
I1112 22:58:24.347270 37485 module.py:108] reader received job: 6
I1112 22:58:24.348037 37485 module.py:165] Load data from file 2019-11-12_22h58m18s/data.json
I1112 22:58:24.349165 37485 module.py:184] Save data to file 2019-11-12_22h58m18s/data.jsonreader_{"add": 2.0, "mult": 0.2}_
I1112 22:58:24.356168 37487 module.py:137] writer sent back job: 16
I1112 22:58:24.357249 37489 pipeline.py:225] Job 16 completed.
I1112 22:58:24.356827 37486 module.py:137] append sent back job: 39
I1112 22:58:24.356168 37487 module.py:137] writer sent back job: 16
I1112 22:58:24.356827 37486 module.py:137] append sent back job: 39
I1112 22:58:24.359425 37489 pipeline.py:277] Sent job 69 to module writer
I1112 22:58:24.360357 37489 pipeline.py:277] Sent job 70 to module writer
I1112 22:58:24.361546 37489 pipeline.py:277] Sent job 71 to module writer
I1112 22:58:24.361243 37487 module.py:108] writer received job: 17
I1112 22:58:24.362592 37489 pipeline.py:277] Sent job 72 to module writer
I1112 22:58:24.361948 37487 module.py:165] Load data from file 2019-11-12_22h58m18s/data.jsonreader_{"add": 1.0, "mult": 0.2}_append_{"num": 1000}_
I1112 22:58:24.361243 37487 module.py:108] writer received job: 17
I1112 22:58:24.361948 37487 module.py:165] Load data from file 2019-11-12_22h58m18s/data.jsonreader_{"add": 1.0, "mult": 0.2}_append_{"num": 1000}_
I1112 22:58:24.363888 37489 pipeline.py:277] Sent job 73 to module writer
I1112 22:58:24.364505 37487 module.py:184] Save data to file 2019-11-12_22h58m18s/data.jsonreader_{"add": 1.0, "mult": 0.2}_append_{"num": 1000}_writer_{"subtract": -1.0, "classifier": "Adaboost"}_
I1112 22:58:24.365502 37489 pipeline.py:277] Sent job 74 to module writer
I1112 22:58:24.364505 37487 module.py:184] Save data to file 2019-11-12_22h58m18s/data.jsonreader_{"add": 1.0, "mult": 0.2}_append_{"num": 1000}_writer_{"subtract": -1.0, "classifier": "Adaboost"}_
I1112 22:58:24.366496 37489 pipeline.py:277] Sent job 75 to module writer
I1112 22:58:24.367117 37489 pipeline.py:277] Sent job 76 to module writer
I1112 22:58:24.369569 37486 module.py:108] append received job: 40
I1112 22:58:24.369569 37486 module.py:108] append received job: 40
I1112 22:58:24.370277 37486 module.py:165] Load data from file 2019-11-12_22h58m18s/data.jsonreader_{"add": 1.5, "mult": 0.2}_
I1112 22:58:24.370277 37486 module.py:165] Load data from file 2019-11-12_22h58m18s/data.jsonreader_{"add": 1.5, "mult": 0.2}_
I1112 22:58:24.372226 37486 module.py:184] Save data to file 2019-11-12_22h58m18s/data.jsonreader_{"add": 1.5, "mult": 0.2}_append_{"num": 2000}_
I1112 22:58:24.372226 37486 module.py:184] Save data to file 2019-11-12_22h58m18s/data.jsonreader_{"add": 1.5, "mult": 0.2}_append_{"num": 2000}_
I1112 22:58:24.383270 37485 module.py:137] reader sent back job: 6
I1112 22:58:24.383270 37485 module.py:137] reader sent back job: 6
I1112 22:58:24.384305 37489 pipeline.py:277] Sent job 77 to module append
I1112 22:58:24.384902 37489 pipeline.py:277] Sent job 78 to module append
I1112 22:58:24.385639 37485 module.py:108] reader received job: 7
I1112 22:58:24.385639 37485 module.py:108] reader received job: 7
I1112 22:58:24.386197 37485 module.py:165] Load data from file 2019-11-12_22h58m18s/data.json
I1112 22:58:24.386197 37485 module.py:165] Load data from file 2019-11-12_22h58m18s/data.json
I1112 22:58:24.387042 37485 module.py:184] Save data to file 2019-11-12_22h58m18s/data.jsonreader_{"add": 2.0, "mult": 0.4}_
I1112 22:58:24.387042 37485 module.py:184] Save data to file 2019-11-12_22h58m18s/data.jsonreader_{"add": 2.0, "mult": 0.4}_
I1112 22:58:24.387434 37487 module.py:137] writer sent back job: 17
I1112 22:58:24.387434 37487 module.py:137] writer sent back job: 17
I1112 22:58:24.388561 37489 pipeline.py:225] Job 17 completed.
I1112 22:58:24.390275 37487 module.py:108] writer received job: 18
I1112 22:58:24.391200 37487 module.py:165] Load data from file 2019-11-12_22h58m18s/data.jsonreader_{"add": 1.0, "mult": 0.2}_append_{"num": 1000}_
I1112 22:58:24.390275 37487 module.py:108] writer received job: 18
I1112 22:58:24.391200 37487 module.py:165] Load data from file 2019-11-12_22h58m18s/data.jsonreader_{"add": 1.0, "mult": 0.2}_append_{"num": 1000}_
I1112 22:58:24.392113 37487 module.py:184] Save data to file 2019-11-12_22h58m18s/data.jsonreader_{"add": 1.0, "mult": 0.2}_append_{"num": 1000}_writer_{"subtract": -1.0, "classifier": "GradientBoost"}_
I1112 22:58:24.392113 37487 module.py:184] Save data to file 2019-11-12_22h58m18s/data.jsonreader_{"add": 1.0, "mult": 0.2}_append_{"num": 1000}_writer_{"subtract": -1.0, "classifier": "GradientBoost"}_
I1112 22:58:24.402545 37486 module.py:137] append sent back job: 40
I1112 22:58:24.402456 37485 module.py:137] reader sent back job: 7
I1112 22:58:24.402545 37486 module.py:137] append sent back job: 40
I1112 22:58:24.402456 37485 module.py:137] reader sent back job: 7
I1112 22:58:24.404993 37485 module.py:108] reader received job: 8
I1112 22:58:24.404993 37485 module.py:108] reader received job: 8
I1112 22:58:24.404052 37489 pipeline.py:277] Sent job 79 to module append
I1112 22:58:24.404772 37489 pipeline.py:277] Sent job 80 to module append
I1112 22:58:24.405885 37489 pipeline.py:277] Sent job 81 to module writer
I1112 22:58:24.405950 37485 module.py:165] Load data from file 2019-11-12_22h58m18s/data.json
I1112 22:58:24.406671 37489 pipeline.py:277] Sent job 82 to module writer
I1112 22:58:24.405950 37485 module.py:165] Load data from file 2019-11-12_22h58m18s/data.json
I1112 22:58:24.407704 37489 pipeline.py:277] Sent job 83 to module writer
I1112 22:58:24.408318 37489 pipeline.py:277] Sent job 84 to module writer
I1112 22:58:24.408252 37485 module.py:184] Save data to file 2019-11-12_22h58m18s/data.jsonreader_{"add": 2.0, "mult": 0.6000000000000001}_
I1112 22:58:24.408252 37485 module.py:184] Save data to file 2019-11-12_22h58m18s/data.jsonreader_{"add": 2.0, "mult": 0.6000000000000001}_
I1112 22:58:24.409249 37489 pipeline.py:277] Sent job 85 to module writer
I1112 22:58:24.409812 37489 pipeline.py:277] Sent job 86 to module writer
I1112 22:58:24.410725 37486 module.py:108] append received job: 57
I1112 22:58:24.411003 37489 pipeline.py:277] Sent job 87 to module writer
I1112 22:58:24.411988 37489 pipeline.py:277] Sent job 88 to module writer
I1112 22:58:24.410725 37486 module.py:108] append received job: 57
I1112 22:58:24.413052 37486 module.py:165] Load data from file 2019-11-12_22h58m18s/data.jsonreader_{"add": 1.5, "mult": 0.4}_
I1112 22:58:24.413052 37486 module.py:165] Load data from file 2019-11-12_22h58m18s/data.jsonreader_{"add": 1.5, "mult": 0.4}_
I1112 22:58:24.414163 37486 module.py:184] Save data to file 2019-11-12_22h58m18s/data.jsonreader_{"add": 1.5, "mult": 0.4}_append_{"num": 1000}_
I1112 22:58:24.414163 37486 module.py:184] Save data to file 2019-11-12_22h58m18s/data.jsonreader_{"add": 1.5, "mult": 0.4}_append_{"num": 1000}_
I1112 22:58:24.418250 37487 module.py:137] writer sent back job: 18
I1112 22:58:24.418250 37487 module.py:137] writer sent back job: 18
I1112 22:58:24.419012 37489 pipeline.py:225] Job 18 completed.
I1112 22:58:24.421469 37487 module.py:108] writer received job: 21
I1112 22:58:24.422527 37487 module.py:165] Load data from file 2019-11-12_22h58m18s/data.jsonreader_{"add": 1.0, "mult": 0.2}_append_{"num": 2000}_
I1112 22:58:24.421469 37487 module.py:108] writer received job: 21
I1112 22:58:24.422527 37487 module.py:165] Load data from file 2019-11-12_22h58m18s/data.jsonreader_{"add": 1.0, "mult": 0.2}_append_{"num": 2000}_
I1112 22:58:24.423329 37487 module.py:184] Save data to file 2019-11-12_22h58m18s/data.jsonreader_{"add": 1.0, "mult": 0.2}_append_{"num": 2000}_writer_{"subtract": -1.0, "classifier": "SVM"}_
I1112 22:58:24.423329 37487 module.py:184] Save data to file 2019-11-12_22h58m18s/data.jsonreader_{"add": 1.0, "mult": 0.2}_append_{"num": 2000}_writer_{"subtract": -1.0, "classifier": "SVM"}_
I1112 22:58:24.427267 37485 module.py:137] reader sent back job: 8
I1112 22:58:24.427267 37485 module.py:137] reader sent back job: 8
I1112 22:58:24.428622 37486 module.py:137] append sent back job: 57
I1112 22:58:24.428622 37486 module.py:137] append sent back job: 57
I1112 22:58:24.430612 37489 pipeline.py:277] Sent job 89 to module append
I1112 22:58:24.431952 37489 pipeline.py:277] Sent job 90 to module append
I1112 22:58:24.432445 37486 module.py:108] append received job: 58
I1112 22:58:24.433026 37486 module.py:165] Load data from file 2019-11-12_22h58m18s/data.jsonreader_{"add": 1.5, "mult": 0.4}_
I1112 22:58:24.433190 37489 pipeline.py:277] Sent job 91 to module writer
I1112 22:58:24.433792 37489 pipeline.py:277] Sent job 92 to module writer
I1112 22:58:24.432445 37486 module.py:108] append received job: 58
I1112 22:58:24.433026 37486 module.py:165] Load data from file 2019-11-12_22h58m18s/data.jsonreader_{"add": 1.5, "mult": 0.4}_
I1112 22:58:24.433706 37486 module.py:184] Save data to file 2019-11-12_22h58m18s/data.jsonreader_{"add": 1.5, "mult": 0.4}_append_{"num": 2000}_
I1112 22:58:24.433706 37486 module.py:184] Save data to file 2019-11-12_22h58m18s/data.jsonreader_{"add": 1.5, "mult": 0.4}_append_{"num": 2000}_
I1112 22:58:24.434405 37489 pipeline.py:277] Sent job 93 to module writer
I1112 22:58:24.435116 37489 pipeline.py:277] Sent job 94 to module writer
I1112 22:58:24.435731 37489 pipeline.py:277] Sent job 95 to module writer
I1112 22:58:24.436310 37489 pipeline.py:277] Sent job 96 to module writer
I1112 22:58:24.436852 37489 pipeline.py:277] Sent job 97 to module writer
I1112 22:58:24.437396 37489 pipeline.py:277] Sent job 98 to module writer
I1112 22:58:24.446099 37487 module.py:137] writer sent back job: 21
I1112 22:58:24.446099 37487 module.py:137] writer sent back job: 21
I1112 22:58:24.447988 37489 pipeline.py:225] Job 21 completed.
I1112 22:58:24.448908 37487 module.py:108] writer received job: 22
I1112 22:58:24.448908 37487 module.py:108] writer received job: 22
I1112 22:58:24.449485 37487 module.py:165] Load data from file 2019-11-12_22h58m18s/data.jsonreader_{"add": 1.0, "mult": 0.2}_append_{"num": 2000}_
I1112 22:58:24.449485 37487 module.py:165] Load data from file 2019-11-12_22h58m18s/data.jsonreader_{"add": 1.0, "mult": 0.2}_append_{"num": 2000}_
I1112 22:58:24.450495 37487 module.py:184] Save data to file 2019-11-12_22h58m18s/data.jsonreader_{"add": 1.0, "mult": 0.2}_append_{"num": 2000}_writer_{"subtract": -1.0, "classifier": "NaiveBayes"}_
I1112 22:58:24.450495 37487 module.py:184] Save data to file 2019-11-12_22h58m18s/data.jsonreader_{"add": 1.0, "mult": 0.2}_append_{"num": 2000}_writer_{"subtract": -1.0, "classifier": "NaiveBayes"}_
I1112 22:58:24.453903 37486 module.py:137] append sent back job: 58
I1112 22:58:24.453903 37486 module.py:137] append sent back job: 58
I1112 22:58:24.455132 37489 pipeline.py:277] Sent job 99 to module writer
I1112 22:58:24.455774 37489 pipeline.py:277] Sent job 100 to module writer
I1112 22:58:24.456095 37486 module.py:108] append received job: 67
I1112 22:58:24.456355 37489 pipeline.py:277] Sent job 101 to module writer
I1112 22:58:24.456095 37486 module.py:108] append received job: 67
I1112 22:58:24.457006 37489 pipeline.py:277] Sent job 102 to module writer
I1112 22:58:24.456975 37486 module.py:165] Load data from file 2019-11-12_22h58m18s/data.jsonreader_{"add": 1.5, "mult": 0.6000000000000001}_
I1112 22:58:24.457623 37489 pipeline.py:277] Sent job 103 to module writer
I1112 22:58:24.456975 37486 module.py:165] Load data from file 2019-11-12_22h58m18s/data.jsonreader_{"add": 1.5, "mult": 0.6000000000000001}_
I1112 22:58:24.458477 37489 pipeline.py:277] Sent job 104 to module writer
I1112 22:58:24.459352 37489 pipeline.py:277] Sent job 105 to module writer
I1112 22:58:24.459173 37486 module.py:184] Save data to file 2019-11-12_22h58m18s/data.jsonreader_{"add": 1.5, "mult": 0.6000000000000001}_append_{"num": 1000}_
I1112 22:58:24.459173 37486 module.py:184] Save data to file 2019-11-12_22h58m18s/data.jsonreader_{"add": 1.5, "mult": 0.6000000000000001}_append_{"num": 1000}_
I1112 22:58:24.460385 37489 pipeline.py:277] Sent job 106 to module writer
I1112 22:58:24.468420 37487 module.py:137] writer sent back job: 22
I1112 22:58:24.468420 37487 module.py:137] writer sent back job: 22
I1112 22:58:24.469222 37489 pipeline.py:225] Job 22 completed.
I1112 22:58:24.470535 37487 module.py:108] writer received job: 23
I1112 22:58:24.470535 37487 module.py:108] writer received job: 23
I1112 22:58:24.471038 37487 module.py:165] Load data from file 2019-11-12_22h58m18s/data.jsonreader_{"add": 1.0, "mult": 0.2}_append_{"num": 2000}_
I1112 22:58:24.471038 37487 module.py:165] Load data from file 2019-11-12_22h58m18s/data.jsonreader_{"add": 1.0, "mult": 0.2}_append_{"num": 2000}_
I1112 22:58:24.471812 37487 module.py:184] Save data to file 2019-11-12_22h58m18s/data.jsonreader_{"add": 1.0, "mult": 0.2}_append_{"num": 2000}_writer_{"subtract": -1.0, "classifier": "MLP"}_
I1112 22:58:24.471812 37487 module.py:184] Save data to file 2019-11-12_22h58m18s/data.jsonreader_{"add": 1.0, "mult": 0.2}_append_{"num": 2000}_writer_{"subtract": -1.0, "classifier": "MLP"}_
I1112 22:58:24.475126 37486 module.py:137] append sent back job: 67
I1112 22:58:24.475126 37486 module.py:137] append sent back job: 67
I1112 22:58:24.477365 37489 pipeline.py:277] Sent job 107 to module writer
I1112 22:58:24.478835 37489 pipeline.py:277] Sent job 108 to module writer
I1112 22:58:24.479716 37489 pipeline.py:277] Sent job 109 to module writer
I1112 22:58:24.480309 37489 pipeline.py:277] Sent job 110 to module writer
I1112 22:58:24.480097 37486 module.py:108] append received job: 68
I1112 22:58:24.480838 37489 pipeline.py:277] Sent job 111 to module writer
I1112 22:58:24.480097 37486 module.py:108] append received job: 68
I1112 22:58:24.480887 37486 module.py:165] Load data from file 2019-11-12_22h58m18s/data.jsonreader_{"add": 1.5, "mult": 0.6000000000000001}_
I1112 22:58:24.480887 37486 module.py:165] Load data from file 2019-11-12_22h58m18s/data.jsonreader_{"add": 1.5, "mult": 0.6000000000000001}_
I1112 22:58:24.481503 37489 pipeline.py:277] Sent job 112 to module writer
I1112 22:58:24.482064 37489 pipeline.py:277] Sent job 113 to module writer
I1112 22:58:24.482064 37486 module.py:184] Save data to file 2019-11-12_22h58m18s/data.jsonreader_{"add": 1.5, "mult": 0.6000000000000001}_append_{"num": 2000}_
I1112 22:58:24.482064 37486 module.py:184] Save data to file 2019-11-12_22h58m18s/data.jsonreader_{"add": 1.5, "mult": 0.6000000000000001}_append_{"num": 2000}_
I1112 22:58:24.482601 37489 pipeline.py:277] Sent job 114 to module writer
I1112 22:58:24.487598 37487 module.py:137] writer sent back job: 23
I1112 22:58:24.487598 37487 module.py:137] writer sent back job: 23
I1112 22:58:24.488302 37489 pipeline.py:225] Job 23 completed.
I1112 22:58:24.492783 37487 module.py:108] writer received job: 24
I1112 22:58:24.492783 37487 module.py:108] writer received job: 24
I1112 22:58:24.493355 37487 module.py:165] Load data from file 2019-11-12_22h58m18s/data.jsonreader_{"add": 1.0, "mult": 0.2}_append_{"num": 2000}_
I1112 22:58:24.493355 37487 module.py:165] Load data from file 2019-11-12_22h58m18s/data.jsonreader_{"add": 1.0, "mult": 0.2}_append_{"num": 2000}_
I1112 22:58:24.494225 37487 module.py:184] Save data to file 2019-11-12_22h58m18s/data.jsonreader_{"add": 1.0, "mult": 0.2}_append_{"num": 2000}_writer_{"subtract": -1.0, "classifier": "DT"}_
I1112 22:58:24.494225 37487 module.py:184] Save data to file 2019-11-12_22h58m18s/data.jsonreader_{"add": 1.0, "mult": 0.2}_append_{"num": 2000}_writer_{"subtract": -1.0, "classifier": "DT"}_
I1112 22:58:24.502439 37486 module.py:137] append sent back job: 68
I1112 22:58:24.502439 37486 module.py:137] append sent back job: 68
I1112 22:58:24.503901 37489 pipeline.py:277] Sent job 115 to module writer
I1112 22:58:24.505319 37489 pipeline.py:277] Sent job 116 to module writer
I1112 22:58:24.506896 37489 pipeline.py:277] Sent job 117 to module writer
I1112 22:58:24.508479 37489 pipeline.py:277] Sent job 118 to module writer
I1112 22:58:24.509643 37489 pipeline.py:277] Sent job 119 to module writer
I1112 22:58:24.511499 37489 pipeline.py:277] Sent job 120 to module writer
I1112 22:58:24.513480 37489 pipeline.py:277] Sent job 121 to module writer
I1112 22:58:24.514662 37489 pipeline.py:277] Sent job 122 to module writer
I1112 22:58:24.515348 37486 module.py:108] append received job: 77
I1112 22:58:24.516123 37486 module.py:165] Load data from file 2019-11-12_22h58m18s/data.jsonreader_{"add": 2.0, "mult": 0.2}_
I1112 22:58:24.516736 37486 module.py:184] Save data to file 2019-11-12_22h58m18s/data.jsonreader_{"add": 2.0, "mult": 0.2}_append_{"num": 1000}_
I1112 22:58:24.515348 37486 module.py:108] append received job: 77
I1112 22:58:24.516123 37486 module.py:165] Load data from file 2019-11-12_22h58m18s/data.jsonreader_{"add": 2.0, "mult": 0.2}_
I1112 22:58:24.516736 37486 module.py:184] Save data to file 2019-11-12_22h58m18s/data.jsonreader_{"add": 2.0, "mult": 0.2}_append_{"num": 1000}_
I1112 22:58:24.523063 37487 module.py:137] writer sent back job: 24
I1112 22:58:24.523063 37487 module.py:137] writer sent back job: 24
I1112 22:58:24.524291 37489 pipeline.py:225] Job 24 completed.
I1112 22:58:24.525294 37487 module.py:108] writer received job: 25
I1112 22:58:24.526101 37487 module.py:165] Load data from file 2019-11-12_22h58m18s/data.jsonreader_{"add": 1.0, "mult": 0.2}_append_{"num": 2000}_
I1112 22:58:24.525294 37487 module.py:108] writer received job: 25
I1112 22:58:24.526101 37487 module.py:165] Load data from file 2019-11-12_22h58m18s/data.jsonreader_{"add": 1.0, "mult": 0.2}_append_{"num": 2000}_
I1112 22:58:24.527311 37487 module.py:184] Save data to file 2019-11-12_22h58m18s/data.jsonreader_{"add": 1.0, "mult": 0.2}_append_{"num": 2000}_writer_{"subtract": -1.0, "classifier": "KNN"}_
I1112 22:58:24.527311 37487 module.py:184] Save data to file 2019-11-12_22h58m18s/data.jsonreader_{"add": 1.0, "mult": 0.2}_append_{"num": 2000}_writer_{"subtract": -1.0, "classifier": "KNN"}_
I1112 22:58:24.530028 37486 module.py:137] append sent back job: 77
I1112 22:58:24.530028 37486 module.py:137] append sent back job: 77
I1112 22:58:24.532047 37489 pipeline.py:277] Sent job 123 to module writer
I1112 22:58:24.533464 37489 pipeline.py:277] Sent job 124 to module writer
I1112 22:58:24.534130 37489 pipeline.py:277] Sent job 125 to module writer
I1112 22:58:24.535598 37489 pipeline.py:277] Sent job 126 to module writer
I1112 22:58:24.536742 37489 pipeline.py:277] Sent job 127 to module writer
I1112 22:58:24.537309 37489 pipeline.py:277] Sent job 128 to module writer
I1112 22:58:24.537813 37489 pipeline.py:277] Sent job 129 to module writer
I1112 22:58:24.534629 37486 module.py:108] append received job: 78
I1112 22:58:24.536618 37486 module.py:165] Load data from file 2019-11-12_22h58m18s/data.jsonreader_{"add": 2.0, "mult": 0.2}_
I1112 22:58:24.537862 37486 module.py:184] Save data to file 2019-11-12_22h58m18s/data.jsonreader_{"add": 2.0, "mult": 0.2}_append_{"num": 2000}_
I1112 22:58:24.538779 37489 pipeline.py:277] Sent job 130 to module writer
I1112 22:58:24.534629 37486 module.py:108] append received job: 78
I1112 22:58:24.536618 37486 module.py:165] Load data from file 2019-11-12_22h58m18s/data.jsonreader_{"add": 2.0, "mult": 0.2}_
I1112 22:58:24.537862 37486 module.py:184] Save data to file 2019-11-12_22h58m18s/data.jsonreader_{"add": 2.0, "mult": 0.2}_append_{"num": 2000}_
I1112 22:58:24.551167 37487 module.py:137] writer sent back job: 25
I1112 22:58:24.551167 37487 module.py:137] writer sent back job: 25
I1112 22:58:24.552274 37489 pipeline.py:225] Job 25 completed.
I1112 22:58:24.553432 37487 module.py:108] writer received job: 26
I1112 22:58:24.553432 37487 module.py:108] writer received job: 26
I1112 22:58:24.553940 37487 module.py:165] Load data from file 2019-11-12_22h58m18s/data.jsonreader_{"add": 1.0, "mult": 0.2}_append_{"num": 2000}_
I1112 22:58:24.554265 37486 module.py:137] append sent back job: 78
I1112 22:58:24.553940 37487 module.py:165] Load data from file 2019-11-12_22h58m18s/data.jsonreader_{"add": 1.0, "mult": 0.2}_append_{"num": 2000}_
I1112 22:58:24.554265 37486 module.py:137] append sent back job: 78
I1112 22:58:24.554569 37487 module.py:184] Save data to file 2019-11-12_22h58m18s/data.jsonreader_{"add": 1.0, "mult": 0.2}_append_{"num": 2000}_writer_{"subtract": -1.0, "classifier": "RandomForest"}_
I1112 22:58:24.554569 37487 module.py:184] Save data to file 2019-11-12_22h58m18s/data.jsonreader_{"add": 1.0, "mult": 0.2}_append_{"num": 2000}_writer_{"subtract": -1.0, "classifier": "RandomForest"}_
I1112 22:58:24.555757 37489 pipeline.py:277] Sent job 131 to module writer
I1112 22:58:24.556335 37489 pipeline.py:277] Sent job 132 to module writer
I1112 22:58:24.556464 37486 module.py:108] append received job: 79
I1112 22:58:24.556885 37489 pipeline.py:277] Sent job 133 to module writer
I1112 22:58:24.556464 37486 module.py:108] append received job: 79
I1112 22:58:24.556987 37486 module.py:165] Load data from file 2019-11-12_22h58m18s/data.jsonreader_{"add": 2.0, "mult": 0.4}_
I1112 22:58:24.558281 37486 module.py:184] Save data to file 2019-11-12_22h58m18s/data.jsonreader_{"add": 2.0, "mult": 0.4}_append_{"num": 1000}_
I1112 22:58:24.556987 37486 module.py:165] Load data from file 2019-11-12_22h58m18s/data.jsonreader_{"add": 2.0, "mult": 0.4}_
I1112 22:58:24.558281 37486 module.py:184] Save data to file 2019-11-12_22h58m18s/data.jsonreader_{"add": 2.0, "mult": 0.4}_append_{"num": 1000}_
I1112 22:58:24.557672 37489 pipeline.py:277] Sent job 134 to module writer
I1112 22:58:24.558281 37489 pipeline.py:277] Sent job 135 to module writer
I1112 22:58:24.558824 37489 pipeline.py:277] Sent job 136 to module writer
I1112 22:58:24.559453 37489 pipeline.py:277] Sent job 137 to module writer
I1112 22:58:24.560079 37489 pipeline.py:277] Sent job 138 to module writer
I1112 22:58:24.569688 37487 module.py:137] writer sent back job: 26
I1112 22:58:24.569688 37487 module.py:137] writer sent back job: 26
I1112 22:58:24.570714 37489 pipeline.py:225] Job 26 completed.
I1112 22:58:24.572243 37487 module.py:108] writer received job: 27
I1112 22:58:24.572940 37487 module.py:165] Load data from file 2019-11-12_22h58m18s/data.jsonreader_{"add": 1.0, "mult": 0.2}_append_{"num": 2000}_
I1112 22:58:24.572243 37487 module.py:108] writer received job: 27
I1112 22:58:24.572940 37487 module.py:165] Load data from file 2019-11-12_22h58m18s/data.jsonreader_{"add": 1.0, "mult": 0.2}_append_{"num": 2000}_
I1112 22:58:24.574212 37487 module.py:184] Save data to file 2019-11-12_22h58m18s/data.jsonreader_{"add": 1.0, "mult": 0.2}_append_{"num": 2000}_writer_{"subtract": -1.0, "classifier": "Adaboost"}_
I1112 22:58:24.574212 37487 module.py:184] Save data to file 2019-11-12_22h58m18s/data.jsonreader_{"add": 1.0, "mult": 0.2}_append_{"num": 2000}_writer_{"subtract": -1.0, "classifier": "Adaboost"}_
I1112 22:58:24.574868 37486 module.py:137] append sent back job: 79
I1112 22:58:24.576148 37489 pipeline.py:277] Sent job 139 to module writer
I1112 22:58:24.574868 37486 module.py:137] append sent back job: 79
I1112 22:58:24.577490 37489 pipeline.py:277] Sent job 140 to module writer
I1112 22:58:24.578449 37489 pipeline.py:277] Sent job 141 to module writer
I1112 22:58:24.579034 37489 pipeline.py:277] Sent job 142 to module writer
I1112 22:58:24.579557 37489 pipeline.py:277] Sent job 143 to module writer
I1112 22:58:24.579658 37486 module.py:108] append received job: 80
I1112 22:58:24.580193 37489 pipeline.py:277] Sent job 144 to module writer
I1112 22:58:24.579658 37486 module.py:108] append received job: 80
I1112 22:58:24.580718 37489 pipeline.py:277] Sent job 145 to module writer
I1112 22:58:24.580756 37486 module.py:165] Load data from file 2019-11-12_22h58m18s/data.jsonreader_{"add": 2.0, "mult": 0.4}_
I1112 22:58:24.580756 37486 module.py:165] Load data from file 2019-11-12_22h58m18s/data.jsonreader_{"add": 2.0, "mult": 0.4}_
I1112 22:58:24.581351 37489 pipeline.py:277] Sent job 146 to module writer
I1112 22:58:24.581634 37486 module.py:184] Save data to file 2019-11-12_22h58m18s/data.jsonreader_{"add": 2.0, "mult": 0.4}_append_{"num": 2000}_
I1112 22:58:24.581634 37486 module.py:184] Save data to file 2019-11-12_22h58m18s/data.jsonreader_{"add": 2.0, "mult": 0.4}_append_{"num": 2000}_
I1112 22:58:24.587433 37487 module.py:137] writer sent back job: 27
I1112 22:58:24.588038 37489 pipeline.py:225] Job 27 completed.
I1112 22:58:24.587433 37487 module.py:137] writer sent back job: 27
I1112 22:58:24.589483 37487 module.py:108] writer received job: 28
